Archive member included to satisfy reference by file (symbol)

C:/Program Files (x86)/Arm GNU Toolchain arm-none-eabi/13.2 Rel1/bin/../lib/gcc/arm-none-eabi/13.2.1/thumb/v6-m/nofp\libc_nano.a(libc_a-exit.o)
                              C:/Program Files (x86)/Arm GNU Toolchain arm-none-eabi/13.2 Rel1/bin/../lib/gcc/arm-none-eabi/13.2.1/thumb/v6-m/nofp/crt0.o (exit)
C:/Program Files (x86)/Arm GNU Toolchain arm-none-eabi/13.2 Rel1/bin/../lib/gcc/arm-none-eabi/13.2.1/thumb/v6-m/nofp\libc_nano.a(libc_a-findfp.o)
                              C:/Program Files (x86)/Arm GNU Toolchain arm-none-eabi/13.2 Rel1/bin/../lib/gcc/arm-none-eabi/13.2.1/thumb/v6-m/nofp\libc_nano.a(libc_a-exit.o) (__stdio_exit_handler)
C:/Program Files (x86)/Arm GNU Toolchain arm-none-eabi/13.2 Rel1/bin/../lib/gcc/arm-none-eabi/13.2.1/thumb/v6-m/nofp\libc_nano.a(libc_a-fwalk.o)
                              C:/Program Files (x86)/Arm GNU Toolchain arm-none-eabi/13.2 Rel1/bin/../lib/gcc/arm-none-eabi/13.2.1/thumb/v6-m/nofp\libc_nano.a(libc_a-findfp.o) (_fwalk_sglue)
C:/Program Files (x86)/Arm GNU Toolchain arm-none-eabi/13.2 Rel1/bin/../lib/gcc/arm-none-eabi/13.2.1/thumb/v6-m/nofp\libc_nano.a(libc_a-puts.o)
                              build/app_freertos.o (puts)
C:/Program Files (x86)/Arm GNU Toolchain arm-none-eabi/13.2 Rel1/bin/../lib/gcc/arm-none-eabi/13.2.1/thumb/v6-m/nofp\libc_nano.a(libc_a-sprintf.o)
                              build/tasks.o (sprintf)
C:/Program Files (x86)/Arm GNU Toolchain arm-none-eabi/13.2 Rel1/bin/../lib/gcc/arm-none-eabi/13.2.1/thumb/v6-m/nofp\libc_nano.a(libc_a-stdio.o)
                              C:/Program Files (x86)/Arm GNU Toolchain arm-none-eabi/13.2 Rel1/bin/../lib/gcc/arm-none-eabi/13.2.1/thumb/v6-m/nofp\libc_nano.a(libc_a-findfp.o) (__sread)
C:/Program Files (x86)/Arm GNU Toolchain arm-none-eabi/13.2 Rel1/bin/../lib/gcc/arm-none-eabi/13.2.1/thumb/v6-m/nofp\libc_nano.a(libc_a-wbuf.o)
                              C:/Program Files (x86)/Arm GNU Toolchain arm-none-eabi/13.2 Rel1/bin/../lib/gcc/arm-none-eabi/13.2.1/thumb/v6-m/nofp\libc_nano.a(libc_a-puts.o) (__swbuf_r)
C:/Program Files (x86)/Arm GNU Toolchain arm-none-eabi/13.2 Rel1/bin/../lib/gcc/arm-none-eabi/13.2.1/thumb/v6-m/nofp\libc_nano.a(libc_a-wsetup.o)
                              C:/Program Files (x86)/Arm GNU Toolchain arm-none-eabi/13.2 Rel1/bin/../lib/gcc/arm-none-eabi/13.2.1/thumb/v6-m/nofp\libc_nano.a(libc_a-puts.o) (__swsetup_r)
C:/Program Files (x86)/Arm GNU Toolchain arm-none-eabi/13.2 Rel1/bin/../lib/gcc/arm-none-eabi/13.2.1/thumb/v6-m/nofp\libc_nano.a(libc_a-memset.o)
                              C:/Program Files (x86)/Arm GNU Toolchain arm-none-eabi/13.2 Rel1/bin/../lib/gcc/arm-none-eabi/13.2.1/thumb/v6-m/nofp/crt0.o (memset)
C:/Program Files (x86)/Arm GNU Toolchain arm-none-eabi/13.2 Rel1/bin/../lib/gcc/arm-none-eabi/13.2.1/thumb/v6-m/nofp\libc_nano.a(libc_a-closer.o)
                              C:/Program Files (x86)/Arm GNU Toolchain arm-none-eabi/13.2 Rel1/bin/../lib/gcc/arm-none-eabi/13.2.1/thumb/v6-m/nofp\libc_nano.a(libc_a-stdio.o) (_close_r)
C:/Program Files (x86)/Arm GNU Toolchain arm-none-eabi/13.2 Rel1/bin/../lib/gcc/arm-none-eabi/13.2.1/thumb/v6-m/nofp\libc_nano.a(libc_a-reent.o)
                              C:/Program Files (x86)/Arm GNU Toolchain arm-none-eabi/13.2 Rel1/bin/../lib/gcc/arm-none-eabi/13.2.1/thumb/v6-m/nofp\libc_nano.a(libc_a-closer.o) (errno)
C:/Program Files (x86)/Arm GNU Toolchain arm-none-eabi/13.2 Rel1/bin/../lib/gcc/arm-none-eabi/13.2.1/thumb/v6-m/nofp\libc_nano.a(libc_a-impure.o)
                              C:/Program Files (x86)/Arm GNU Toolchain arm-none-eabi/13.2 Rel1/bin/../lib/gcc/arm-none-eabi/13.2.1/thumb/v6-m/nofp\libc_nano.a(libc_a-puts.o) (_impure_ptr)
C:/Program Files (x86)/Arm GNU Toolchain arm-none-eabi/13.2 Rel1/bin/../lib/gcc/arm-none-eabi/13.2.1/thumb/v6-m/nofp\libc_nano.a(libc_a-lseekr.o)
                              C:/Program Files (x86)/Arm GNU Toolchain arm-none-eabi/13.2 Rel1/bin/../lib/gcc/arm-none-eabi/13.2.1/thumb/v6-m/nofp\libc_nano.a(libc_a-stdio.o) (_lseek_r)
C:/Program Files (x86)/Arm GNU Toolchain arm-none-eabi/13.2 Rel1/bin/../lib/gcc/arm-none-eabi/13.2.1/thumb/v6-m/nofp\libc_nano.a(libc_a-readr.o)
                              C:/Program Files (x86)/Arm GNU Toolchain arm-none-eabi/13.2 Rel1/bin/../lib/gcc/arm-none-eabi/13.2.1/thumb/v6-m/nofp\libc_nano.a(libc_a-stdio.o) (_read_r)
C:/Program Files (x86)/Arm GNU Toolchain arm-none-eabi/13.2 Rel1/bin/../lib/gcc/arm-none-eabi/13.2.1/thumb/v6-m/nofp\libc_nano.a(libc_a-writer.o)
                              C:/Program Files (x86)/Arm GNU Toolchain arm-none-eabi/13.2 Rel1/bin/../lib/gcc/arm-none-eabi/13.2.1/thumb/v6-m/nofp\libc_nano.a(libc_a-stdio.o) (_write_r)
C:/Program Files (x86)/Arm GNU Toolchain arm-none-eabi/13.2 Rel1/bin/../lib/gcc/arm-none-eabi/13.2.1/thumb/v6-m/nofp\libc_nano.a(libc_a-init.o)
[...]
Memory Configuration

Name             Origin             Length             Attributes
RAM              0x20000000         0x00003000         xrw
FLASH            0x08000000         0x00008000         xr
*default*        0x00000000         0xffffffff

Linker script and memory map

LOAD C:/Program Files (x86)/Arm GNU Toolchain arm-none-eabi/13.2 Rel1/bin/../lib/gcc/arm-none-eabi/13.2.1/thumb/v6-m/nofp/crti.o
LOAD C:/Program Files (x86)/Arm GNU Toolchain arm-none-eabi/13.2 Rel1/bin/../lib/gcc/arm-none-eabi/13.2.1/thumb/v6-m/nofp/crtbegin.o
LOAD C:/Program Files (x86)/Arm GNU Toolchain arm-none-eabi/13.2 Rel1/bin/../lib/gcc/arm-none-eabi/13.2.1/thumb/v6-m/nofp/crt0.o
LOAD build/main.o
LOAD build/app_freertos.o
LOAD build/stm32c0xx_it.o
LOAD build/stm32c0xx_hal_msp.o
LOAD build/stm32c0xx_hal_timebase_tim.o
LOAD build/stm32c0xx_hal_usart_ex.o
LOAD build/stm32c0xx_hal_uart_ex.o
LOAD build/stm32c0xx_hal_tim.o
LOAD build/stm32c0xx_hal_tim_ex.o
LOAD build/stm32c0xx_hal.o
LOAD build/stm32c0xx_hal_cortex.o
LOAD build/stm32c0xx_hal_rcc.o
LOAD build/stm32c0xx_hal_rcc_ex.o
LOAD build/stm32c0xx_hal_flash.o
LOAD build/stm32c0xx_hal_flash_ex.o
LOAD build/stm32c0xx_hal_gpio.o
LOAD build/stm32c0xx_hal_dma.o
LOAD build/stm32c0xx_hal_dma_ex.o
LOAD build/stm32c0xx_hal_pwr.o
LOAD build/stm32c0xx_hal_pwr_ex.o
LOAD build/stm32c0xx_hal_exti.o
LOAD build/stm32c0xx_hal_usart.o
LOAD build/stm32c0xx_hal_uart.o
LOAD build/system_stm32c0xx.o
LOAD build/croutine.o
LOAD build/event_groups.o
LOAD build/list.o
LOAD build/queue.o
LOAD build/stream_buffer.o
LOAD build/tasks.o
LOAD build/timers.o
LOAD build/cmsis_os2.o
LOAD build/port.o
LOAD build/heap_4.o
LOAD build/stm32c0xx_nucleo.o
LOAD build/startup_stm32c031xx.o
LOAD C:/Program Files (x86)/Arm GNU Toolchain arm-none-eabi/13.2 Rel1/bin/../lib/gcc/arm-none-eabi/13.2.1/thumb/v6-m/nofp\libc_nano.a
LOAD C:/Program Files (x86)/Arm GNU Toolchain arm-none-eabi/13.2 Rel1/bin/../lib/gcc/arm-none-eabi/13.2.1/thumb/v6-m/nofp\libm.a
LOAD C:/Program Files (x86)/Arm GNU Toolchain arm-none-eabi/13.2 Rel1/bin/../lib/gcc/arm-none-eabi/13.2.1/thumb/v6-m/nofp\libnosys.a
START GROUP
LOAD C:/Program Files (x86)/Arm GNU Toolchain arm-none-eabi/13.2 Rel1/bin/../lib/gcc/arm-none-eabi/13.2.1/thumb/v6-m/nofp\libgcc.a
LOAD C:/Program Files (x86)/Arm GNU Toolchain arm-none-eabi/13.2 Rel1/bin/../lib/gcc/arm-none-eabi/13.2.1/thumb/v6-m/nofp\libc_nano.a
END GROUP
START GROUP
LOAD C:/Program Files (x86)/Arm GNU Toolchain arm-none-eabi/13.2 Rel1/bin/../lib/gcc/arm-none-eabi/13.2.1/thumb/v6-m/nofp\libgcc.a
LOAD C:/Program Files (x86)/Arm GNU Toolchain arm-none-eabi/13.2 Rel1/bin/../lib/gcc/arm-none-eabi/13.2.1/thumb/v6-m/nofp\libc_nano.a
END GROUP
LOAD C:/Program Files (x86)/Arm GNU Toolchain arm-none-eabi/13.2 Rel1/bin/../lib/gcc/arm-none-eabi/13.2.1/thumb/v6-m/nofp/crtend.o
LOAD C:/Program Files (x86)/Arm GNU Toolchain arm-none-eabi/13.2 Rel1/bin/../lib/gcc/arm-none-eabi/13.2.1/thumb/v6-m/nofp/crtn.o
                0x20003000                        _estack = (ORIGIN (RAM) + LENGTH (RAM))
                0x00000200                        _Min_Heap_Size = 0x200
                0x00000400                        _Min_Stack_Size = 0x400

.isr_vector     0x08000000       0xc0
                0x08000000                        . = ALIGN (0x4)
 *(.isr_vector)
 .isr_vector    0x08000000       0xc0 build/startup_stm32c031xx.o
                0x08000000                g_pfnVectors
                0x080000c0                        . = ALIGN (0x4)

.text           0x080000c0     0x392c
                0x080000c0                        . = ALIGN (0x4)
 *(.text)
 .text          0x080000c0      0x114 C:/Program Files (x86)/Arm GNU Toolchain arm-none-eabi/13.2 Rel1/bin/../lib/gcc/arm-none-eabi/13.2.1/thumb/v6-m/nofp\libgcc.a(_udivsi3.o)
                0x080000c0                __aeabi_uidiv
                0x080000c0                __udivsi3
                0x080001cc                __aeabi_uidivmod
 .text          0x080001d4        0x4 C:/Program Files (x86)/Arm GNU Toolchain arm-none-eabi/13.2 Rel1/bin/../lib/gcc/arm-none-eabi/13.2.1/thumb/v6-m/nofp\libgcc.a(_dvmd_tls.o)
                0x080001d4                __aeabi_idiv0
                0x080001d4                __aeabi_ldiv0
 *(.text*)
 .text.deregister_tm_clones
                0x080001d8       0x20 C:/Program Files (x86)/Arm GNU Toolchain arm-none-eabi/13.2 Rel1/bin/../lib/gcc/arm-none-eabi/13.2.1/thumb/v6-m/nofp/crtbegin.o
 .text.register_tm_clones
                0x080001f8       0x28 C:/Program Files (x86)/Arm GNU Toolchain arm-none-eabi/13.2 Rel1/bin/../lib/gcc/arm-none-eabi/13.2.1/thumb/v6-m/nofp/crtbegin.o
 .text.__do_global_dtors_aux
                0x08000220       0x2c C:/Program Files (x86)/Arm GNU Toolchain arm-none-eabi/13.2 Rel1/bin/../lib/gcc/arm-none-eabi/13.2.1/thumb/v6-m/nofp/crtbegin.o
 .text.frame_dummy
                0x0800024c       0x24 C:/Program Files (x86)/Arm GNU Toolchain arm-none-eabi/13.2 Rel1/bin/../lib/gcc/arm-none-eabi/13.2.1/thumb/v6-m/nofp/crtbegin.o
 .text.MX_GPIO_Init
                0x08000270      0x10c build/main.o
 .text.HAL_TIM_PeriodElapsedCallback
                0x0800037c       0x18 build/main.o
                0x0800037c                HAL_TIM_PeriodElapsedCallback
 .text.Error_Handler
                0x08000394        0x4 build/main.o
                0x08000394                Error_Handler
 .text.SystemClock_Config
                0x08000398       0x54 build/main.o
                0x08000398                SystemClock_Config
 .text.main     0x080003ec       0x50 build/main.o
                0x080003ec                main
 .text.StartDefaultTask
                0x0800043c       0x24 build/app_freertos.o
                0x0800043c                StartDefaultTask
 .text.StartSecondTask
                0x08000460       0x24 build/app_freertos.o
                0x08000460                StartSecondTask
 .text.configureTimerForRunTimeStats
                0x08000484        0x2 build/app_freertos.o
                0x08000484                configureTimerForRunTimeStats
 .text.getRunTimeCounterValue
                0x08000486        0x4 build/app_freertos.o
                0x08000486                getRunTimeCounterValue
 *fill*         0x0800048a        0x2 
 .text.MX_FREERTOS_Init
                0x0800048c       0x38 build/app_freertos.o
                0x0800048c                MX_FREERTOS_Init
 .text.NMI_Handler
                0x080004c4        0x2 build/stm32c0xx_it.o
                0x080004c4                NMI_Handler
 .text.HardFault_Handler
                0x080004c6        0x2 build/stm32c0xx_it.o
                0x080004c6                HardFault_Handler
 .text.EXTI4_15_IRQHandler
                0x080004c8       0x10 build/stm32c0xx_it.o
                0x080004c8                EXTI4_15_IRQHandler
 .text.TIM1_BRK_UP_TRG_COM_IRQHandler
                0x080004d8       0x10 build/stm32c0xx_it.o
                0x080004d8                TIM1_BRK_UP_TRG_COM_IRQHandler
 .text.HAL_MspInit
                0x080004e8       0x3c build/stm32c0xx_hal_msp.o
                0x080004e8                HAL_MspInit
 .text.HAL_InitTick
                0x08000524       0x78 build/stm32c0xx_hal_timebase_tim.o
                0x08000524                HAL_InitTick
 .text.HAL_TIM_Base_MspInit
                0x0800059c        0x2 build/stm32c0xx_hal_tim.o
                0x0800059c                HAL_TIM_Base_MspInit
 *fill*         0x0800059e        0x2 
 .text.HAL_TIM_Base_Start_IT
                0x080005a0       0x68 build/stm32c0xx_hal_tim.o
                0x080005a0                HAL_TIM_Base_Start_IT
 .text.HAL_TIM_OC_DelayElapsedCallback
                0x08000608        0x2 build/stm32c0xx_hal_tim.o
                0x08000608                HAL_TIM_OC_DelayElapsedCallback
 .text.HAL_TIM_IC_CaptureCallback
                0x0800060a        0x2 build/stm32c0xx_hal_tim.o
                0x0800060a                HAL_TIM_IC_CaptureCallback
 .text.HAL_TIM_PWM_PulseFinishedCallback
                0x0800060c        0x2 build/stm32c0xx_hal_tim.o
                0x0800060c                HAL_TIM_PWM_PulseFinishedCallback
 .text.HAL_TIM_TriggerCallback
                0x0800060e        0x2 build/stm32c0xx_hal_tim.o
                0x0800060e                HAL_TIM_TriggerCallback
 .text.HAL_TIM_IRQHandler
                0x08000610      0x158 build/stm32c0xx_hal_tim.o
                0x08000610                HAL_TIM_IRQHandler
 .text.TIM_Base_SetConfig
                0x08000768       0x84 build/stm32c0xx_hal_tim.o
                0x08000768                TIM_Base_SetConfig
 .text.HAL_TIM_Base_Init
                0x080007ec       0x60 build/stm32c0xx_hal_tim.o
                0x080007ec                HAL_TIM_Base_Init
 .text.HAL_TIMEx_CommutCallback
                0x0800084c        0x2 build/stm32c0xx_hal_tim_ex.o
                0x0800084c                HAL_TIMEx_CommutCallback
 .text.HAL_TIMEx_BreakCallback
                0x0800084e        0x2 build/stm32c0xx_hal_tim_ex.o
                0x0800084e                HAL_TIMEx_BreakCallback
 .text.HAL_TIMEx_Break2Callback
                0x08000850        0x2 build/stm32c0xx_hal_tim_ex.o
                0x08000850                HAL_TIMEx_Break2Callback
 .text.HAL_Init
                0x08000852       0x18 build/stm32c0xx_hal.o
                0x08000852                HAL_Init
 *fill*         0x0800086a        0x2 
 .text.HAL_IncTick
                0x0800086c       0x18 build/stm32c0xx_hal.o
                0x0800086c                HAL_IncTick
 .text.HAL_GetTick
                0x08000884        0xc build/stm32c0xx_hal.o
                0x08000884                HAL_GetTick
 .text.__NVIC_SetPriority
                0x08000890       0x60 build/stm32c0xx_hal_cortex.o
 .text.HAL_NVIC_SetPriority
                0x080008f0        0x8 build/stm32c0xx_hal_cortex.o
                0x080008f0                HAL_NVIC_SetPriority
 .text.HAL_NVIC_EnableIRQ
                0x080008f8       0x18 build/stm32c0xx_hal_cortex.o
                0x080008f8                HAL_NVIC_EnableIRQ
 .text.HAL_RCC_OscConfig
                0x08000910      0x2bc build/stm32c0xx_hal_rcc.o
                0x08000910                HAL_RCC_OscConfig
 .text.HAL_RCC_GetSysClockFreq
                0x08000bcc       0x5c build/stm32c0xx_hal_rcc.o
                0x08000bcc                HAL_RCC_GetSysClockFreq
 .text.HAL_RCC_ClockConfig
                0x08000c28      0x190 build/stm32c0xx_hal_rcc.o
                0x08000c28                HAL_RCC_ClockConfig
 .text.HAL_RCC_GetHCLKFreq
                0x08000db8        0xc build/stm32c0xx_hal_rcc.o
                0x08000db8                HAL_RCC_GetHCLKFreq
 .text.HAL_RCC_GetPCLK1Freq
                0x08000dc4       0x28 build/stm32c0xx_hal_rcc.o
                0x08000dc4                HAL_RCC_GetPCLK1Freq
 .text.HAL_RCC_GetClockConfig
                0x08000dec       0x34 build/stm32c0xx_hal_rcc.o
                0x08000dec                HAL_RCC_GetClockConfig
 .text.HAL_GPIO_Init
                0x08000e20      0x1bc build/stm32c0xx_hal_gpio.o
                0x08000e20                HAL_GPIO_Init
 .text.HAL_GPIO_WritePin
                0x08000fdc        0xc build/stm32c0xx_hal_gpio.o
                0x08000fdc                HAL_GPIO_WritePin
 .text.HAL_GPIO_TogglePin
                0x08000fe8       0x10 build/stm32c0xx_hal_gpio.o
                0x08000fe8                HAL_GPIO_TogglePin
 .text.HAL_EXTI_RegisterCallback
                0x08000ff8       0x24 build/stm32c0xx_hal_exti.o
                0x08000ff8                HAL_EXTI_RegisterCallback
 .text.HAL_EXTI_GetHandle
                0x0800101c        0xe build/stm32c0xx_hal_exti.o
                0x0800101c                HAL_EXTI_GetHandle
 *fill*         0x0800102a        0x2 
 .text.HAL_EXTI_IRQHandler
                0x0800102c       0x48 build/stm32c0xx_hal_exti.o
                0x0800102c                HAL_EXTI_IRQHandler
 .text.UART_EndRxTransfer
                0x08001074       0x64 build/stm32c0xx_hal_uart.o
 .text.HAL_UART_MspInit
                0x080010d8        0x2 build/stm32c0xx_hal_uart.o
                0x080010d8                HAL_UART_MspInit
 *fill*         0x080010da        0x2 
 .text.UART_SetConfig
                0x080010dc      0x1c4 build/stm32c0xx_hal_uart.o
                0x080010dc                UART_SetConfig
 .text.UART_AdvFeatureConfig
                0x080012a0       0xe0 build/stm32c0xx_hal_uart.o
                0x080012a0                UART_AdvFeatureConfig
 .text.UART_WaitOnFlagUntilTimeout
                0x08001380       0x96 build/stm32c0xx_hal_uart.o
                0x08001380                UART_WaitOnFlagUntilTimeout
 .text.HAL_UART_Transmit
                0x08001416       0xfc build/stm32c0xx_hal_uart.o
                0x08001416                HAL_UART_Transmit
 *fill*         0x08001512        0x2 
 .text.UART_CheckIdleState
                0x08001514       0xd4 build/stm32c0xx_hal_uart.o
                0x08001514                UART_CheckIdleState
 .text.HAL_UART_Init
                0x080015e8       0x70 build/stm32c0xx_hal_uart.o
                0x080015e8                HAL_UART_Init
 .text.SystemInit
                0x08001658       0x10 build/system_stm32c0xx.o
                0x08001658                SystemInit
 .text.vListInitialise
                0x08001668       0x16 build/list.o
                0x08001668                vListInitialise
 .text.vListInitialiseItem
                0x0800167e        0x6 build/list.o
                0x0800167e                vListInitialiseItem
 .text.vListInsert
                0x08001684       0x2e build/list.o
                0x08001684                vListInsert
 .text.uxListRemove
                0x080016b2       0x26 build/list.o
                0x080016b2                uxListRemove
 .text.prvIsQueueEmpty
                0x080016d8       0x1c build/queue.o
 .text.prvCopyDataFromQueue
                0x080016f4       0x24 build/queue.o
 .text.prvUnlockQueue
                0x08001718       0x72 build/queue.o
 .text.xQueueGenericReset
                0x0800178a       0xb4 build/queue.o
                0x0800178a                xQueueGenericReset
 .text.prvInitialiseNewQueue
                0x0800183e       0x22 build/queue.o
 .text.xQueueGenericCreateStatic
                0x08001860       0x48 build/queue.o
                0x08001860                xQueueGenericCreateStatic
 .text.xQueueReceive
                0x080018a8      0x116 build/queue.o
                0x080018a8                xQueueReceive
 *fill*         0x080019be        0x2 
 .text.vQueueAddToRegistry
                0x080019c0       0x50 build/queue.o
                0x080019c0                vQueueAddToRegistry
 .text.vQueueWaitForMessageRestricted
                0x08001a10       0x50 build/queue.o
                0x08001a10                vQueueWaitForMessageRestricted
 .text.prvResetNextTaskUnblockTime
                0x08001a60       0x2c build/tasks.o
 .text.prvInitialiseNewTask
                0x08001a8c       0x90 build/tasks.o
 .text.prvInitialiseTaskLists
                0x08001b1c       0x68 build/tasks.o
 .text.prvAddNewTaskToReadyList
                0x08001b84       0xc4 build/tasks.o
 .text.prvDeleteTCB
                0x08001c48       0x2c build/tasks.o
 .text.prvCheckTasksWaitingTermination
                0x08001c74       0x44 build/tasks.o
 .text.prvIdleTask
                0x08001cb8       0x18 build/tasks.o
 .text.prvAddCurrentTaskToDelayedList
                0x08001cd0       0x94 build/tasks.o
 .text.xTaskCreateStatic
                0x08001d64       0x6e build/tasks.o
                0x08001d64                xTaskCreateStatic
 .text.xTaskCreate
                0x08001dd2       0x62 build/tasks.o
                0x08001dd2                xTaskCreate
 .text.vTaskStartScheduler
                0x08001e34       0x88 build/tasks.o
                0x08001e34                vTaskStartScheduler
 .text.vTaskSuspendAll
                0x08001ebc       0x10 build/tasks.o
                0x08001ebc                vTaskSuspendAll
 .text.xTaskGetTickCount
                0x08001ecc        0xc build/tasks.o
                0x08001ecc                xTaskGetTickCount
 .text.xTaskIncrementTick
                0x08001ed8      0x164 build/tasks.o
                0x08001ed8                xTaskIncrementTick
 .text.xTaskResumeAll
                0x0800203c      0x140 build/tasks.o
                0x0800203c                xTaskResumeAll
 .text.vTaskDelay
                0x0800217c       0x30 build/tasks.o
                0x0800217c                vTaskDelay
 .text.vTaskSwitchContext
                0x080021ac       0xc0 build/tasks.o
                0x080021ac                vTaskSwitchContext
 .text.vTaskPlaceOnEventList
                0x0800226c       0x24 build/tasks.o
                0x0800226c                vTaskPlaceOnEventList
 .text.vTaskPlaceOnEventListRestricted
                0x08002290       0x48 build/tasks.o
                0x08002290                vTaskPlaceOnEventListRestricted
 .text.xTaskRemoveFromEventList
                0x080022d8       0xe8 build/tasks.o
                0x080022d8                xTaskRemoveFromEventList
 .text.vTaskInternalSetTimeOutState
                0x080023c0       0x18 build/tasks.o
                0x080023c0                vTaskInternalSetTimeOutState
 .text.xTaskCheckForTimeOut
                0x080023d8       0x6c build/tasks.o
                0x080023d8                xTaskCheckForTimeOut
 .text.vTaskMissedYield
                0x08002444        0xc build/tasks.o
                0x08002444                vTaskMissedYield
 .text.xTaskGetSchedulerState
                0x08002450       0x24 build/tasks.o
                0x08002450                xTaskGetSchedulerState
 .text.prvGetNextExpireTime
                0x08002474       0x24 build/timers.o
 .text.prvInsertTimerInActiveList
                0x08002498       0x48 build/timers.o
 .text.prvReloadTimer
                0x080024e0       0x28 build/timers.o
 .text.prvProcessExpiredTimer
                0x08002508       0x3c build/timers.o
 .text.prvSwitchTimerLists
                0x08002544       0x30 build/timers.o
 .text.prvSampleTimeNow
                0x08002574       0x2c build/timers.o
 .text.prvProcessTimerOrBlockTask
                0x080025a0       0x70 build/timers.o
 .text.prvProcessReceivedCommands
                0x08002610       0xec build/timers.o
 .text.prvTimerTask
                0x080026fc       0x16 build/timers.o
 *fill*         0x08002712        0x2 
 .text.prvCheckForValidListAndQueue
                0x08002714       0x70 build/timers.o
 .text.xTimerCreateTimerTask
                0x08002784       0x5c build/timers.o
                0x08002784                xTimerCreateTimerTask
 .text.IRQ_Context
                0x080027e0       0x24 build/cmsis_os2.o
 .text.SysTick_Handler
                0x08002804       0x1c build/cmsis_os2.o
                0x08002804                SysTick_Handler
 .text.osKernelInitialize
                0x08002820       0x38 build/cmsis_os2.o
                0x08002820                osKernelInitialize
 .text.osKernelStart
                0x08002858       0x4c build/cmsis_os2.o
                0x08002858                osKernelStart
 .text.osThreadNew
                0x080028a4       0xe0 build/cmsis_os2.o
                0x080028a4                osThreadNew
 .text.osDelay  0x08002984       0x24 build/cmsis_os2.o
                0x08002984                osDelay
 .text.vApplicationGetIdleTaskMemory
                0x080029a8       0x18 build/cmsis_os2.o
                0x080029a8                vApplicationGetIdleTaskMemory
 .text.vApplicationGetTimerTaskMemory
                0x080029c0       0x18 build/cmsis_os2.o
                0x080029c0                vApplicationGetTimerTaskMemory
 .text.prvTaskExitError
                0x080029d8       0x24 build/port.o
 *fill*         0x080029fc        0x4 
 .text.vPortStartFirstTask
                0x08002a00       0x34 build/port.o
 .text.pxPortInitialiseStack
                0x08002a34       0x24 build/port.o
                0x08002a34                pxPortInitialiseStack
 .text.SVC_Handler
                0x08002a58        0x2 build/port.o
                0x08002a58                SVC_Handler
 *fill*         0x08002a5a        0x2 
 .text.vPortYield
                0x08002a5c       0x18 build/port.o
                0x08002a5c                vPortYield
 .text.vPortEnterCritical
                0x08002a74       0x18 build/port.o
                0x08002a74                vPortEnterCritical
 .text.vPortExitCritical
                0x08002a8c       0x20 build/port.o
                0x08002a8c                vPortExitCritical
 .text.ulSetInterruptMaskFromISR
                0x08002aac        0x8 build/port.o
                0x08002aac                ulSetInterruptMaskFromISR
 .text.vClearInterruptMaskFromISR
                0x08002ab4        0x6 build/port.o
                0x08002ab4                vClearInterruptMaskFromISR
 *fill*         0x08002aba        0x6 
 .text.PendSV_Handler
                0x08002ac0       0x44 build/port.o
                0x08002ac0                PendSV_Handler
 .text.xPortSysTickHandler
                0x08002b04       0x24 build/port.o
                0x08002b04                xPortSysTickHandler
 .text.vPortSetupTimerInterrupt
                0x08002b28       0x34 build/port.o
                0x08002b28                vPortSetupTimerInterrupt
 .text.xPortStartScheduler
                0x08002b5c       0x3c build/port.o
                0x08002b5c                xPortStartScheduler
 .text.prvHeapInit
                0x08002b98       0x58 build/heap_4.o
 .text.prvInsertBlockIntoFreeList
                0x08002bf0       0x54 build/heap_4.o
 .text.pvPortMalloc
                0x08002c44       0xd8 build/heap_4.o
                0x08002c44                pvPortMalloc
 .text.vPortFree
                0x08002d1c       0x58 build/heap_4.o
                0x08002d1c                vPortFree
 .text.COM1_MspInit
                0x08002d74       0x68 build/stm32c0xx_nucleo.o
 .text.BSP_LED_Init
                0x08002ddc       0x44 build/stm32c0xx_nucleo.o
                0x08002ddc                BSP_LED_Init
 .text.BSP_PB_Init
                0x08002e20       0x8c build/stm32c0xx_nucleo.o
                0x08002e20                BSP_PB_Init
 .text.BSP_PB_Callback
                0x08002eac        0x2 build/stm32c0xx_nucleo.o
                0x08002eac                BSP_PB_Callback
 .text.BUTTON_USER_EXTI_Callback
                0x08002eae        0xa build/stm32c0xx_nucleo.o
 .text.MX_USART2_Init
                0x08002eb8       0x34 build/stm32c0xx_nucleo.o
                0x08002eb8                MX_USART2_Init
 .text.BSP_COM_Init
                0x08002eec       0x34 build/stm32c0xx_nucleo.o
                0x08002eec                BSP_COM_Init
 .text._write   0x08002f20       0x28 build/stm32c0xx_nucleo.o
                0x08002f20                _write
 .text.Reset_Handler
                0x08002f48       0x50 build/startup_stm32c031xx.o
                0x08002f48                Reset_Handler
 .text.Default_Handler
                0x08002f98        0x2 build/startup_stm32c031xx.o
                0x08002f98                TIM1_CC_IRQHandler
                0x08002f98                I2C1_IRQHandler
                0x08002f98                DMAMUX1_IRQHandler
                0x08002f98                SPI1_IRQHandler
                0x08002f98                EXTI2_3_IRQHandler
                0x08002f98                ADC1_IRQHandler
                0x08002f98                TIM17_IRQHandler
                0x08002f98                RTC_IRQHandler
                0x08002f98                TIM16_IRQHandler
                0x08002f98                TIM3_IRQHandler
                0x08002f98                RCC_IRQHandler
                0x08002f98                DMA1_Channel1_IRQHandler
                0x08002f98                Default_Handler
                0x08002f98                TIM14_IRQHandler
                0x08002f98                EXTI0_1_IRQHandler
                0x08002f98                WWDG_IRQHandler
                0x08002f98                DMA1_Channel2_3_IRQHandler
                0x08002f98                USART2_IRQHandler
                0x08002f98                FLASH_IRQHandler
                0x08002f98                USART1_IRQHandler
 *fill*         0x08002f9a        0x2 
 .text.std      0x08002f9c       0x6c C:/Program Files (x86)/Arm GNU Toolchain arm-none-eabi/13.2 Rel1/bin/../lib/gcc/arm-none-eabi/13.2.1/thumb/v6-m/nofp\libc_nano.a(libc_a-findfp.o)
 .text.stdio_exit_handler
                0x08003008       0x1c C:/Program Files (x86)/Arm GNU Toolchain arm-none-eabi/13.2 Rel1/bin/../lib/gcc/arm-none-eabi/13.2.1/thumb/v6-m/nofp\libc_nano.a(libc_a-findfp.o)
 .text.cleanup_stdio
                0x08003024       0x3c C:/Program Files (x86)/Arm GNU Toolchain arm-none-eabi/13.2 Rel1/bin/../lib/gcc/arm-none-eabi/13.2.1/thumb/v6-m/nofp\libc_nano.a(libc_a-findfp.o)
 .text.global_stdio_init.part.0
                0x08003060       0x3c C:/Program Files (x86)/Arm GNU Toolchain arm-none-eabi/13.2 Rel1/bin/../lib/gcc/arm-none-eabi/13.2.1/thumb/v6-m/nofp\libc_nano.a(libc_a-findfp.o)
 .text.__sfp_lock_acquire
                0x0800309c       0x10 C:/Program Files (x86)/Arm GNU Toolchain arm-none-eabi/13.2 Rel1/bin/../lib/gcc/arm-none-eabi/13.2.1/thumb/v6-m/nofp\libc_nano.a(libc_a-findfp.o)
                0x0800309c                __sfp_lock_acquire
 .text.__sfp_lock_release
                0x080030ac       0x10 C:/Program Files (x86)/Arm GNU Toolchain arm-none-eabi/13.2 Rel1/bin/../lib/gcc/arm-none-eabi/13.2.1/thumb/v6-m/nofp\libc_nano.a(libc_a-findfp.o)
                0x080030ac                __sfp_lock_release
 .text.__sinit  0x080030bc       0x30 C:/Program Files (x86)/Arm GNU Toolchain arm-none-eabi/13.2 Rel1/bin/../lib/gcc/arm-none-eabi/13.2.1/thumb/v6-m/nofp\libc_nano.a(libc_a-findfp.o)
                0x080030bc                __sinit
 .text._fwalk_sglue
                0x080030ec       0x38 C:/Program Files (x86)/Arm GNU Toolchain arm-none-eabi/13.2 Rel1/bin/../lib/gcc/arm-none-eabi/13.2.1/thumb/v6-m/nofp\libc_nano.a(libc_a-fwalk.o)
                0x080030ec                _fwalk_sglue
 .text._puts_r  0x08003124       0xac C:/Program Files (x86)/Arm GNU Toolchain arm-none-eabi/13.2 Rel1/bin/../lib/gcc/arm-none-eabi/13.2.1/thumb/v6-m/nofp\libc_nano.a(libc_a-puts.o)
                0x08003124                _puts_r
 .text.puts     0x080031d0       0x14 C:/Program Files (x86)/Arm GNU Toolchain arm-none-eabi/13.2 Rel1/bin/../lib/gcc/arm-none-eabi/13.2.1/thumb/v6-m/nofp\libc_nano.a(libc_a-puts.o)
                0x080031d0                puts
 .text.__sread  0x080031e4       0x28 C:/Program Files (x86)/Arm GNU Toolchain arm-none-eabi/13.2 Rel1/bin/../lib/gcc/arm-none-eabi/13.2.1/thumb/v6-m/nofp\libc_nano.a(libc_a-stdio.o)
                0x080031e4                __sread
 .text.__swrite
                0x0800320c       0x38 C:/Program Files (x86)/Arm GNU Toolchain arm-none-eabi/13.2 Rel1/bin/../lib/gcc/arm-none-eabi/13.2.1/thumb/v6-m/nofp\libc_nano.a(libc_a-stdio.o)
                0x0800320c                __swrite
 .text.__sseek  0x08003244       0x2c C:/Program Files (x86)/Arm GNU Toolchain arm-none-eabi/13.2 Rel1/bin/../lib/gcc/arm-none-eabi/13.2.1/thumb/v6-m/nofp\libc_nano.a(libc_a-stdio.o)
                0x08003244                __sseek
 .text.__sclose
                0x08003270        0xc C:/Program Files (x86)/Arm GNU Toolchain arm-none-eabi/13.2 Rel1/bin/../lib/gcc/arm-none-eabi/13.2.1/thumb/v6-m/nofp\libc_nano.a(libc_a-stdio.o)
                0x08003270                __sclose
 .text.__swbuf_r
                0x0800327c       0x84 C:/Program Files (x86)/Arm GNU Toolchain arm-none-eabi/13.2 Rel1/bin/../lib/gcc/arm-none-eabi/13.2.1/thumb/v6-m/nofp\libc_nano.a(libc_a-wbuf.o)
                0x0800327c                __swbuf_r
 .text.__swsetup_r
                0x08003300       0xbc C:/Program Files (x86)/Arm GNU Toolchain arm-none-eabi/13.2 Rel1/bin/../lib/gcc/arm-none-eabi/13.2.1/thumb/v6-m/nofp\libc_nano.a(libc_a-wsetup.o)
                0x08003300                __swsetup_r
 .text.memset   0x080033bc       0x10 C:/Program Files (x86)/Arm GNU Toolchain arm-none-eabi/13.2 Rel1/bin/../lib/gcc/arm-none-eabi/13.2.1/thumb/v6-m/nofp\libc_nano.a(libc_a-memset.o)
                0x080033bc                memset
 .text._close_r
                0x080033cc       0x24 C:/Program Files (x86)/Arm GNU Toolchain arm-none-eabi/13.2 Rel1/bin/../lib/gcc/arm-none-eabi/13.2.1/thumb/v6-m/nofp\libc_nano.a(libc_a-closer.o)
                0x080033cc                _close_r
 .text._lseek_r
                0x080033f0       0x28 C:/Program Files (x86)/Arm GNU Toolchain arm-none-eabi/13.2 Rel1/bin/../lib/gcc/arm-none-eabi/13.2.1/thumb/v6-m/nofp\libc_nano.a(libc_a-lseekr.o)
                0x080033f0                _lseek_r
 .text._read_r  0x08003418       0x28 C:/Program Files (x86)/Arm GNU Toolchain arm-none-eabi/13.2 Rel1/bin/../lib/gcc/arm-none-eabi/13.2.1/thumb/v6-m/nofp\libc_nano.a(libc_a-readr.o)
                0x08003418                _read_r
 .text._write_r
                0x08003440       0x28 C:/Program Files (x86)/Arm GNU Toolchain arm-none-eabi/13.2 Rel1/bin/../lib/gcc/arm-none-eabi/13.2.1/thumb/v6-m/nofp\libc_nano.a(libc_a-writer.o)
                0x08003440                _write_r
 .text.__libc_init_array
                0x08003468       0x48 C:/Program Files (x86)/Arm GNU Toolchain arm-none-eabi/13.2 Rel1/bin/../lib/gcc/arm-none-eabi/13.2.1/thumb/v6-m/nofp\libc_nano.a(libc_a-init.o)
                0x08003468                __libc_init_array
 .text.__retarget_lock_init_recursive
                0x080034b0        0x2 C:/Program Files (x86)/Arm GNU Toolchain arm-none-eabi/13.2 Rel1/bin/../lib/gcc/arm-none-eabi/13.2.1/thumb/v6-m/nofp\libc_nano.a(libc_a-lock.o)
                0x080034b0                __retarget_lock_init_recursive
 .text.__retarget_lock_acquire_recursive
                0x080034b2        0x2 C:/Program Files (x86)/Arm GNU Toolchain arm-none-eabi/13.2 Rel1/bin/../lib/gcc/arm-none-eabi/13.2.1/thumb/v6-m/nofp\libc_nano.a(libc_a-lock.o)
                0x080034b2                __retarget_lock_acquire_recursive
 .text.__retarget_lock_release_recursive
                0x080034b4        0x2 C:/Program Files (x86)/Arm GNU Toolchain arm-none-eabi/13.2 Rel1/bin/../lib/gcc/arm-none-eabi/13.2.1/thumb/v6-m/nofp\libc_nano.a(libc_a-lock.o)
                0x080034b4                __retarget_lock_release_recursive
 .text.memcpy   0x080034b6       0x12 C:/Program Files (x86)/Arm GNU Toolchain arm-none-eabi/13.2 Rel1/bin/../lib/gcc/arm-none-eabi/13.2.1/thumb/v6-m/nofp\libc_nano.a(libc_a-memcpy-stub.o)
                0x080034b6                memcpy
 .text._free_r  0x080034c8       0x94 C:/Program Files (x86)/Arm GNU Toolchain arm-none-eabi/13.2 Rel1/bin/../lib/gcc/arm-none-eabi/13.2.1/thumb/v6-m/nofp\libc_nano.a(libc_a-freer.o)
                0x080034c8                _free_r
 .text.sbrk_aligned
                0x0800355c       0x44 C:/Program Files (x86)/Arm GNU Toolchain arm-none-eabi/13.2 Rel1/bin/../lib/gcc/arm-none-eabi/13.2.1/thumb/v6-m/nofp\libc_nano.a(libc_a-mallocr.o)
 .text._malloc_r
                0x080035a0      0x100 C:/Program Files (x86)/Arm GNU Toolchain arm-none-eabi/13.2 Rel1/bin/../lib/gcc/arm-none-eabi/13.2.1/thumb/v6-m/nofp\libc_nano.a(libc_a-mallocr.o)
                0x080035a0                _malloc_r
 .text.__malloc_lock
                0x080036a0       0x10 C:/Program Files (x86)/Arm GNU Toolchain arm-none-eabi/13.2 Rel1/bin/../lib/gcc/arm-none-eabi/13.2.1/thumb/v6-m/nofp\libc_nano.a(libc_a-mlock.o)
                0x080036a0                __malloc_lock
 .text.__malloc_unlock
                0x080036b0       0x10 C:/Program Files (x86)/Arm GNU Toolchain arm-none-eabi/13.2 Rel1/bin/../lib/gcc/arm-none-eabi/13.2.1/thumb/v6-m/nofp\libc_nano.a(libc_a-mlock.o)
                0x080036b0                __malloc_unlock
 .text.__sflush_r
                0x080036c0      0x10c C:/Program Files (x86)/Arm GNU Toolchain arm-none-eabi/13.2 Rel1/bin/../lib/gcc/arm-none-eabi/13.2.1/thumb/v6-m/nofp\libc_nano.a(libc_a-fflush.o)
                0x080036c0                __sflush_r
 .text._fflush_r
                0x080037cc       0x56 C:/Program Files (x86)/Arm GNU Toolchain arm-none-eabi/13.2 Rel1/bin/../lib/gcc/arm-none-eabi/13.2.1/thumb/v6-m/nofp\libc_nano.a(libc_a-fflush.o)
                0x080037cc                _fflush_r
 *fill*         0x08003822        0x2 
 .text.__swhatbuf_r
                0x08003824       0x54 C:/Program Files (x86)/Arm GNU Toolchain arm-none-eabi/13.2 Rel1/bin/../lib/gcc/arm-none-eabi/13.2.1/thumb/v6-m/nofp\libc_nano.a(libc_a-makebuf.o)
                0x08003824                __swhatbuf_r
 .text.__smakebuf_r
                0x08003878       0x82 C:/Program Files (x86)/Arm GNU Toolchain arm-none-eabi/13.2 Rel1/bin/../lib/gcc/arm-none-eabi/13.2.1/thumb/v6-m/nofp\libc_nano.a(libc_a-makebuf.o)
                0x08003878                __smakebuf_r
 *fill*         0x080038fa        0x2 
 .text._fstat_r
                0x080038fc       0x24 C:/Program Files (x86)/Arm GNU Toolchain arm-none-eabi/13.2 Rel1/bin/../lib/gcc/arm-none-eabi/13.2.1/thumb/v6-m/nofp\libc_nano.a(libc_a-fstatr.o)
                0x080038fc                _fstat_r
 .text._isatty_r
                0x08003920       0x24 C:/Program Files (x86)/Arm GNU Toolchain arm-none-eabi/13.2 Rel1/bin/../lib/gcc/arm-none-eabi/13.2.1/thumb/v6-m/nofp\libc_nano.a(libc_a-isattyr.o)
                0x08003920                _isatty_r
 .text._sbrk_r  0x08003944       0x24 C:/Program Files (x86)/Arm GNU Toolchain arm-none-eabi/13.2 Rel1/bin/../lib/gcc/arm-none-eabi/13.2.1/thumb/v6-m/nofp\libc_nano.a(libc_a-sbrkr.o)
                0x08003944                _sbrk_r
 .text._close   0x08003968       0x10 C:/Program Files (x86)/Arm GNU Toolchain arm-none-eabi/13.2 Rel1/bin/../lib/gcc/arm-none-eabi/13.2.1/thumb/v6-m/nofp\libnosys.a(close.o)
                0x08003968                _close
 .text._fstat   0x08003978       0x10 C:/Program Files (x86)/Arm GNU Toolchain arm-none-eabi/13.2 Rel1/bin/../lib/gcc/arm-none-eabi/13.2.1/thumb/v6-m/nofp\libnosys.a(fstat.o)
                0x08003978                _fstat
 .text._isatty  0x08003988       0x10 C:/Program Files (x86)/Arm GNU Toolchain arm-none-eabi/13.2 Rel1/bin/../lib/gcc/arm-none-eabi/13.2.1/thumb/v6-m/nofp\libnosys.a(isatty.o)
                0x08003988                _isatty
 .text._lseek   0x08003998       0x10 C:/Program Files (x86)/Arm GNU Toolchain arm-none-eabi/13.2 Rel1/bin/../lib/gcc/arm-none-eabi/13.2.1/thumb/v6-m/nofp\libnosys.a(lseek.o)
                0x08003998                _lseek
 .text._read    0x080039a8       0x10 C:/Program Files (x86)/Arm GNU Toolchain arm-none-eabi/13.2 Rel1/bin/../lib/gcc/arm-none-eabi/13.2.1/thumb/v6-m/nofp\libnosys.a(read.o)
                0x080039a8                _read
 .text._sbrk    0x080039b8       0x1c C:/Program Files (x86)/Arm GNU Toolchain arm-none-eabi/13.2 Rel1/bin/../lib/gcc/arm-none-eabi/13.2.1/thumb/v6-m/nofp\libnosys.a(sbrk.o)
                0x080039b8                _sbrk
 *(.glue_7)
 .glue_7        0x080039d4        0x0 linker stubs
 *(.glue_7t)
 .glue_7t       0x080039d4        0x0 linker stubs
 *(.eh_frame)
 .eh_frame      0x080039d4        0x0 C:/Program Files (x86)/Arm GNU Toolchain arm-none-eabi/13.2 Rel1/bin/../lib/gcc/arm-none-eabi/13.2.1/thumb/v6-m/nofp/crtbegin.o
 *(.init)
 .init          0x080039d4        0x4 C:/Program Files (x86)/Arm GNU Toolchain arm-none-eabi/13.2 Rel1/bin/../lib/gcc/arm-none-eabi/13.2.1/thumb/v6-m/nofp/crti.o
                0x080039d4                _init
 .init          0x080039d8        0x8 C:/Program Files (x86)/Arm GNU Toolchain arm-none-eabi/13.2 Rel1/bin/../lib/gcc/arm-none-eabi/13.2.1/thumb/v6-m/nofp/crtn.o
 *(.fini)
 .fini          0x080039e0        0x4 C:/Program Files (x86)/Arm GNU Toolchain arm-none-eabi/13.2 Rel1/bin/../lib/gcc/arm-none-eabi/13.2.1/thumb/v6-m/nofp/crti.o
                0x080039e0                _fini
 .fini          0x080039e4        0x8 C:/Program Files (x86)/Arm GNU Toolchain arm-none-eabi/13.2 Rel1/bin/../lib/gcc/arm-none-eabi/13.2.1/thumb/v6-m/nofp/crtn.o
                0x080039ec                        . = ALIGN (0x4)
                0x080039ec                        _etext = .

.vfp11_veneer   0x080039ec        0x0
 .vfp11_veneer  0x080039ec        0x0 linker stubs

.v4_bx          0x080039ec        0x0
 .v4_bx         0x080039ec        0x0 linker stubs

.iplt           0x080039ec        0x0
 .iplt          0x080039ec        0x0 C:/Program Files (x86)/Arm GNU Toolchain arm-none-eabi/13.2 Rel1/bin/../lib/gcc/arm-none-eabi/13.2.1/thumb/v6-m/nofp/crtbegin.o

.rodata         0x080039ec      0x150
                0x080039ec                        . = ALIGN (0x4)
 *(.rodata)
 *(.rodata*)
 .rodata.StartDefaultTask.str1.4
                0x080039ec       0x64 build/app_freertos.o
                                 0x11 (size before relaxing)
 .rodata.StartSecondTask.str1.4
                0x08003a50       0x1d build/app_freertos.o
 .rodata.str1.4
                0x08003a50       0x18 build/app_freertos.o
 .rodata.secondTask_attributes
                0x08003a50       0x24 build/app_freertos.o
                0x08003a50                secondTask_attributes
 .rodata.defaultTask_attributes
                0x08003a74       0x24 build/app_freertos.o
                0x08003a74                defaultTask_attributes
 .rodata.UARTPrescTable
                0x08003a98       0x18 build/stm32c0xx_hal_uart.o
                0x08003a98                UARTPrescTable
 .rodata.APBPrescTable
                0x08003ab0       0x20 build/system_stm32c0xx.o
                0x08003ab0                APBPrescTable
 .rodata.AHBPrescTable
                0x08003ad0       0x40 build/system_stm32c0xx.o
                0x08003ad0                AHBPrescTable
 .rodata.vTaskStartScheduler.str1.4
                0x08003b10        0x5 build/tasks.o
 .rodata.uxTopUsedPriority
                0x08003b10        0x4 build/tasks.o
                0x08003b10                uxTopUsedPriority
 .rodata.prvProcessReceivedCommands
                0x08003b14       0x28 build/timers.o
 .rodata.prvCheckForValidListAndQueue.str1.4
                0x08003b3c        0x5 build/timers.o
 .rodata.xTimerCreateTimerTask.str1.4
                0x08003b3c        0x8 build/timers.o
                0x08003b44                        . = ALIGN (0x4)

.rel.dyn        0x08003b3c        0x0
 .rel.iplt      0x08003b3c        0x0 C:/Program Files (x86)/Arm GNU Toolchain arm-none-eabi/13.2 Rel1/bin/../lib/gcc/arm-none-eabi/13.2.1/thumb/v6-m/nofp/crtbegin.o

.ARM.extab
 *(.ARM.extab* .gnu.linkonce.armextab.*)

.ARM            0x08003b3c        0x0
                0x08003b3c                        __exidx_start = .
 *(.ARM.exidx*)
                0x08003b3c                        __exidx_end = .

.preinit_array  0x08003b3c        0x0
                0x08003b3c                        PROVIDE (__preinit_array_start = .)
 *(.preinit_array*)
                0x08003b3c                        PROVIDE (__preinit_array_end = .)

.init_array     0x08003b3c        0x4
                0x08003b3c                        PROVIDE (__init_array_start = .)
 *(SORT_BY_NAME(.init_array.*))
 *(.init_array*)
 .init_array    0x08003b3c        0x4 C:/Program Files (x86)/Arm GNU Toolchain arm-none-eabi/13.2 Rel1/bin/../lib/gcc/arm-none-eabi/13.2.1/thumb/v6-m/nofp/crtbegin.o
                0x08003b40                        PROVIDE (__init_array_end = .)

.fini_array     0x08003b40        0x4
                [!provide]                        PROVIDE (__fini_array_start = .)
 *(SORT_BY_NAME(.fini_array.*))
 *(.fini_array*)
 .fini_array    0x08003b40        0x4 C:/Program Files (x86)/Arm GNU Toolchain arm-none-eabi/13.2 Rel1/bin/../lib/gcc/arm-none-eabi/13.2.1/thumb/v6-m/nofp/crtbegin.o
                [!provide]                        PROVIDE (__fini_array_end = .)
                0x08003b44                        _sidata = LOADADDR (.data)

.data           0x20000000       0x70 load address 0x08003b44
                0x20000000                        . = ALIGN (0x4)
                0x20000000                        _sdata = .
 *(.data)
 *(.data*)
 .data.uwTickFreq
                0x20000000        0x1 build/stm32c0xx_hal.o
                0x20000000                uwTickFreq
 *fill*         0x20000001        0x3 
 .data.uwTickPrio
                0x20000004        0x4 build/stm32c0xx_hal.o
                0x20000004                uwTickPrio
 .data.SystemCoreClock
                0x20000008        0x4 build/system_stm32c0xx.o
                0x20000008                SystemCoreClock
 .data.uxCriticalNesting
                0x2000000c        0x4 build/port.o
 .data.COM_USART
                0x20000010        0x4 build/stm32c0xx_nucleo.o
                0x20000010                COM_USART
 .data.__sglue  0x20000014        0xc C:/Program Files (x86)/Arm GNU Toolchain arm-none-eabi/13.2 Rel1/bin/../lib/gcc/arm-none-eabi/13.2.1/thumb/v6-m/nofp\libc_nano.a(libc_a-findfp.o)
                0x20000014                __sglue
 .data._impure_ptr
                0x20000020        0x4 C:/Program Files (x86)/Arm GNU Toolchain arm-none-eabi/13.2 Rel1/bin/../lib/gcc/arm-none-eabi/13.2.1/thumb/v6-m/nofp\libc_nano.a(libc_a-impure.o)
                0x20000020                _impure_ptr
 .data._impure_data
                0x20000024       0x4c C:/Program Files (x86)/Arm GNU Toolchain arm-none-eabi/13.2 Rel1/bin/../lib/gcc/arm-none-eabi/13.2.1/thumb/v6-m/nofp\libc_nano.a(libc_a-impure.o)
                0x20000024                _impure_data
                0x20000070                        . = ALIGN (0x4)
                0x20000070                        _edata = .

.tm_clone_table
                0x20000070        0x0 load address 0x08003bb4
 .tm_clone_table
                0x20000070        0x0 C:/Program Files (x86)/Arm GNU Toolchain arm-none-eabi/13.2 Rel1/bin/../lib/gcc/arm-none-eabi/13.2.1/thumb/v6-m/nofp/crtbegin.o
 .tm_clone_table
                0x20000070        0x0 C:/Program Files (x86)/Arm GNU Toolchain arm-none-eabi/13.2 Rel1/bin/../lib/gcc/arm-none-eabi/13.2.1/thumb/v6-m/nofp/crtend.o

.igot.plt       0x20000070        0x0 load address 0x08003bb4
 .igot.plt      0x20000070        0x0 C:/Program Files (x86)/Arm GNU Toolchain arm-none-eabi/13.2 Rel1/bin/../lib/gcc/arm-none-eabi/13.2.1/thumb/v6-m/nofp/crtbegin.o
                0x20000070                        . = ALIGN (0x4)

.bss            0x20000070     0x1dd4 load address 0x08003bb4
                0x20000070                        _sbss = .
                0x20000070                        __bss_start__ = _sbss
 *(.bss)
 *(.bss*)
 .bss.completed.1
                0x20000070        0x1 C:/Program Files (x86)/Arm GNU Toolchain arm-none-eabi/13.2 Rel1/bin/../lib/gcc/arm-none-eabi/13.2.1/thumb/v6-m/nofp/crtbegin.o
 *fill*         0x20000071        0x3 
 .bss.object.0  0x20000074       0x18 C:/Program Files (x86)/Arm GNU Toolchain arm-none-eabi/13.2 Rel1/bin/../lib/gcc/arm-none-eabi/13.2.1/thumb/v6-m/nofp/crtbegin.o
 .bss.BspCOMInit
                0x2000008c       0x10 build/main.o
                0x2000008c                BspCOMInit
 .bss.secondTaskHandle
                0x2000009c        0x4 build/app_freertos.o
                0x2000009c                secondTaskHandle
 .bss.defaultTaskHandle
                0x200000a0        0x4 build/app_freertos.o
                0x200000a0                defaultTaskHandle
 .bss.htim1     0x200000a4       0x4c build/stm32c0xx_hal_timebase_tim.o
                0x200000a4                htim1
 .bss.uwTick    0x200000f0        0x4 build/stm32c0xx_hal.o
                0x200000f0                uwTick
 .bss.xQueueRegistry
                0x200000f4       0x40 build/queue.o
                0x200000f4                xQueueRegistry
 .bss.ulTotalRunTime
                0x20000134        0x4 build/tasks.o
 .bss.ulTaskSwitchedInTime
                0x20000138        0x4 build/tasks.o
 .bss.uxSchedulerSuspended
                0x2000013c        0x4 build/tasks.o
 .bss.xIdleTaskHandle
                0x20000140        0x4 build/tasks.o
 .bss.xNextTaskUnblockTime
                0x20000144        0x4 build/tasks.o
 .bss.uxTaskNumber
                0x20000148        0x4 build/tasks.o
 .bss.xNumOfOverflows
                0x2000014c        0x4 build/tasks.o
 .bss.xYieldPending
                0x20000150        0x4 build/tasks.o
 .bss.xPendedTicks
                0x20000154        0x4 build/tasks.o
 .bss.xSchedulerRunning
                0x20000158        0x4 build/tasks.o
 .bss.uxTopReadyPriority
                0x2000015c        0x4 build/tasks.o
 .bss.xTickCount
                0x20000160        0x4 build/tasks.o
 .bss.uxCurrentNumberOfTasks
                0x20000164        0x4 build/tasks.o
 .bss.xSuspendedTaskList
                0x20000168       0x14 build/tasks.o
 .bss.uxDeletedTasksWaitingCleanUp
                0x2000017c        0x4 build/tasks.o
 .bss.xTasksWaitingTermination
                0x20000180       0x14 build/tasks.o
 .bss.xPendingReadyList
                0x20000194       0x14 build/tasks.o
 .bss.pxOverflowDelayedTaskList
                0x200001a8        0x4 build/tasks.o
 .bss.pxDelayedTaskList
                0x200001ac        0x4 build/tasks.o
 .bss.xDelayedTaskList2
                0x200001b0       0x14 build/tasks.o
 .bss.xDelayedTaskList1
                0x200001c4       0x14 build/tasks.o
 .bss.pxReadyTasksLists
                0x200001d8      0x460 build/tasks.o
 .bss.pxCurrentTCB
                0x20000638        0x4 build/tasks.o
                0x20000638                pxCurrentTCB
 .bss.xStaticTimerQueue.0
                0x2000063c       0x50 build/timers.o
 .bss.ucStaticTimerQueueStorage.1
                0x2000068c       0xa0 build/timers.o
 .bss.xLastTime.2
                0x2000072c        0x4 build/timers.o
 .bss.xTimerTaskHandle
                0x20000730        0x4 build/timers.o
 .bss.xTimerQueue
                0x20000734        0x4 build/timers.o
 .bss.pxOverflowTimerList
                0x20000738        0x4 build/timers.o
 .bss.pxCurrentTimerList
                0x2000073c        0x4 build/timers.o
 .bss.xActiveTimerList2
                0x20000740       0x14 build/timers.o
 .bss.xActiveTimerList1
                0x20000754       0x14 build/timers.o
 .bss.Timer_Stack.0
                0x20000768      0x200 build/cmsis_os2.o
 .bss.Timer_TCB.1
                0x20000968       0x64 build/cmsis_os2.o
 .bss.Idle_Stack.2
                0x200009cc      0x200 build/cmsis_os2.o
 .bss.Idle_TCB.3
                0x20000bcc       0x64 build/cmsis_os2.o
 .bss.KernelState
                0x20000c30        0x4 build/cmsis_os2.o
 .bss.xNumberOfSuccessfulFrees
                0x20000c34        0x4 build/heap_4.o
 .bss.xNumberOfSuccessfulAllocations
                0x20000c38        0x4 build/heap_4.o
 .bss.xMinimumEverFreeBytesRemaining
                0x20000c3c        0x4 build/heap_4.o
 .bss.xFreeBytesRemaining
                0x20000c40        0x4 build/heap_4.o
 .bss.pxEnd     0x20000c44        0x4 build/heap_4.o
 .bss.xStart    0x20000c48        0x8 build/heap_4.o
 .bss.ucHeap    0x20000c50     0x1000 build/heap_4.o
 .bss.COM_ActiveLogPort
                0x20001c50        0x1 build/stm32c0xx_nucleo.o
 *fill*         0x20001c51        0x3 
 .bss.hcom_uart
                0x20001c54       0x94 build/stm32c0xx_nucleo.o
                0x20001c54                hcom_uart
 .bss.hpb_exti  0x20001ce8        0xc build/stm32c0xx_nucleo.o
                0x20001ce8                hpb_exti
 .bss.__sf      0x20001cf4      0x138 C:/Program Files (x86)/Arm GNU Toolchain arm-none-eabi/13.2 Rel1/bin/../lib/gcc/arm-none-eabi/13.2.1/thumb/v6-m/nofp\libc_nano.a(libc_a-findfp.o)
                0x20001cf4                __sf
 .bss.__stdio_exit_handler
                0x20001e2c        0x4 C:/Program Files (x86)/Arm GNU Toolchain arm-none-eabi/13.2 Rel1/bin/../lib/gcc/arm-none-eabi/13.2.1/thumb/v6-m/nofp\libc_nano.a(libc_a-findfp.o)
                0x20001e2c                __stdio_exit_handler
 .bss.errno     0x20001e30        0x4 C:/Program Files (x86)/Arm GNU Toolchain arm-none-eabi/13.2 Rel1/bin/../lib/gcc/arm-none-eabi/13.2.1/thumb/v6-m/nofp\libc_nano.a(libc_a-reent.o)
                0x20001e30                errno
 .bss.__lock___malloc_recursive_mutex
                0x20001e34        0x1 C:/Program Files (x86)/Arm GNU Toolchain arm-none-eabi/13.2 Rel1/bin/../lib/gcc/arm-none-eabi/13.2.1/thumb/v6-m/nofp\libc_nano.a(libc_a-lock.o)
                0x20001e34                __lock___malloc_recursive_mutex
 .bss.__lock___sfp_recursive_mutex
                0x20001e35        0x1 C:/Program Files (x86)/Arm GNU Toolchain arm-none-eabi/13.2 Rel1/bin/../lib/gcc/arm-none-eabi/13.2.1/thumb/v6-m/nofp\libc_nano.a(libc_a-lock.o)
                0x20001e35                __lock___sfp_recursive_mutex
 *fill*         0x20001e36        0x2 
 .bss.__malloc_sbrk_start
                0x20001e38        0x4 C:/Program Files (x86)/Arm GNU Toolchain arm-none-eabi/13.2 Rel1/bin/../lib/gcc/arm-none-eabi/13.2.1/thumb/v6-m/nofp\libc_nano.a(libc_a-mallocr.o)
                0x20001e38                __malloc_sbrk_start
 .bss.__malloc_free_list
                0x20001e3c        0x4 C:/Program Files (x86)/Arm GNU Toolchain arm-none-eabi/13.2 Rel1/bin/../lib/gcc/arm-none-eabi/13.2.1/thumb/v6-m/nofp\libc_nano.a(libc_a-mallocr.o)
                0x20001e3c                __malloc_free_list
 .bss.heap_end.0
                0x20001e40        0x4 C:/Program Files (x86)/Arm GNU Toolchain arm-none-eabi/13.2 Rel1/bin/../lib/gcc/arm-none-eabi/13.2.1/thumb/v6-m/nofp\libnosys.a(sbrk.o)
 *(COMMON)
                0x20001e44                        . = ALIGN (0x4)
                0x20001e44                        _ebss = .
                0x20001e44                        __bss_end__ = _ebss

._user_heap_stack
                0x20001e44      0x604 load address 0x08003bb4
                0x20001e48                        . = ALIGN (0x8)
 *fill*         0x20001e44        0x4 
                0x20001e48                        PROVIDE (end = .)
                [!provide]                        PROVIDE (_end = .)
                0x20002048                        . = (. + _Min_Heap_Size)
 *fill*         0x20001e48      0x200 
                0x20002448                        . = (. + _Min_Stack_Size)
 *fill*         0x20002048      0x400 
                0x20002448                        . = ALIGN (0x8)

/DISCARD/
 libc.a(*)
 libm.a(*)
 libgcc.a(*)

.ARM.attributes
                0x00000000       0x28
 *(.ARM.attributes)
 .ARM.attributes
                0x00000000       0x1e C:/Program Files (x86)/Arm GNU Toolchain arm-none-eabi/13.2 Rel1/bin/../lib/gcc/arm-none-eabi/13.2.1/thumb/v6-m/nofp/crti.o
 .ARM.attributes
                0x0000001e       0x2c C:/Program Files (x86)/Arm GNU Toolchain arm-none-eabi/13.2 Rel1/bin/../lib/gcc/arm-none-eabi/13.2.1/thumb/v6-m/nofp/crtbegin.o
 .ARM.attributes
                0x0000004a       0x2c build/main.o
 .ARM.attributes
                0x00000076       0x2c build/app_freertos.o
 .ARM.attributes
                0x000000a2       0x2c build/stm32c0xx_it.o
 .ARM.attributes
                0x000000ce       0x2c build/stm32c0xx_hal_msp.o
 .ARM.attributes
                0x000000fa       0x2c build/stm32c0xx_hal_timebase_tim.o
 .ARM.attributes
                0x00000126       0x2c build/stm32c0xx_hal_tim.o
 .ARM.attributes
                0x00000152       0x2c build/stm32c0xx_hal_tim_ex.o
 .ARM.attributes
                0x0000017e       0x2c build/stm32c0xx_hal.o
 .ARM.attributes
                0x000001aa       0x2c build/stm32c0xx_hal_cortex.o
 .ARM.attributes
                0x000001d6       0x2c build/stm32c0xx_hal_rcc.o
 .ARM.attributes
                0x00000202       0x2c build/stm32c0xx_hal_gpio.o
 .ARM.attributes
                0x0000022e       0x2c build/stm32c0xx_hal_exti.o
 .ARM.attributes
                0x0000025a       0x2c build/stm32c0xx_hal_uart.o
 .ARM.attributes
                0x00000286       0x2c build/system_stm32c0xx.o
 .ARM.attributes
                0x000002b2       0x2c build/list.o
 .ARM.attributes
                0x000002de       0x2c build/queue.o
 .ARM.attributes
                0x0000030a       0x2c build/tasks.o
 .ARM.attributes
                0x00000336       0x2c build/timers.o
 .ARM.attributes
                0x00000362       0x2c build/cmsis_os2.o
 .ARM.attributes
                0x0000038e       0x2c build/port.o
 .ARM.attributes
                0x000003ba       0x2c build/heap_4.o
 .ARM.attributes
                0x000003e6       0x2c build/stm32c0xx_nucleo.o
 .ARM.attributes
                0x00000412       0x22 build/startup_stm32c031xx.o
 .ARM.attributes
                0x00000434       0x2c C:/Program Files (x86)/Arm GNU Toolchain arm-none-eabi/13.2 Rel1/bin/../lib/gcc/arm-none-eabi/13.2.1/thumb/v6-m/nofp\libc_nano.a(libc_a-findfp.o)
 .ARM.attributes
                0x00000460       0x2c C:/Program Files (x86)/Arm GNU Toolchain arm-none-eabi/13.2 Rel1/bin/../lib/gcc/arm-none-eabi/13.2.1/thumb/v6-m/nofp\libc_nano.a(libc_a-fwalk.o)
 .ARM.attributes
                0x0000048c       0x2c C:/Program Files (x86)/Arm GNU Toolchain arm-none-eabi/13.2 Rel1/bin/../lib/gcc/arm-none-eabi/13.2.1/thumb/v6-m/nofp\libc_nano.a(libc_a-puts.o)
 .ARM.attributes
                0x000004b8       0x2c C:/Program Files (x86)/Arm GNU Toolchain arm-none-eabi/13.2 Rel1/bin/../lib/gcc/arm-none-eabi/13.2.1/thumb/v6-m/nofp\libc_nano.a(libc_a-stdio.o)
 .ARM.attributes
                0x000004e4       0x2c C:/Program Files (x86)/Arm GNU Toolchain arm-none-eabi/13.2 Rel1/bin/../lib/gcc/arm-none-eabi/13.2.1/thumb/v6-m/nofp\libc_nano.a(libc_a-wbuf.o)
 .ARM.attributes
                0x00000510       0x2c C:/Program Files (x86)/Arm GNU Toolchain arm-none-eabi/13.2 Rel1/bin/../lib/gcc/arm-none-eabi/13.2.1/thumb/v6-m/nofp\libc_nano.a(libc_a-wsetup.o)
 .ARM.attributes
                0x0000053c       0x2c C:/Program Files (x86)/Arm GNU Toolchain arm-none-eabi/13.2 Rel1/bin/../lib/gcc/arm-none-eabi/13.2.1/thumb/v6-m/nofp\libc_nano.a(libc_a-memset.o)
 .ARM.attributes
                0x00000568       0x2c C:/Program Files (x86)/Arm GNU Toolchain arm-none-eabi/13.2 Rel1/bin/../lib/gcc/arm-none-eabi/13.2.1/thumb/v6-m/nofp\libc_nano.a(libc_a-closer.o)
 .ARM.attributes
                0x00000594       0x2c C:/Program Files (x86)/Arm GNU Toolchain arm-none-eabi/13.2 Rel1/bin/../lib/gcc/arm-none-eabi/13.2.1/thumb/v6-m/nofp\libc_nano.a(libc_a-reent.o)
 .ARM.attributes
                0x000005c0       0x2c C:/Program Files (x86)/Arm GNU Toolchain arm-none-eabi/13.2 Rel1/bin/../lib/gcc/arm-none-eabi/13.2.1/thumb/v6-m/nofp\libc_nano.a(libc_a-impure.o)
 .ARM.attributes
                0x000005ec       0x2c C:/Program Files (x86)/Arm GNU Toolchain arm-none-eabi/13.2 Rel1/bin/../lib/gcc/arm-none-eabi/13.2.1/thumb/v6-m/nofp\libc_nano.a(libc_a-lseekr.o)
 .ARM.attributes
                0x00000618       0x2c C:/Program Files (x86)/Arm GNU Toolchain arm-none-eabi/13.2 Rel1/bin/../lib/gcc/arm-none-eabi/13.2.1/thumb/v6-m/nofp\libc_nano.a(libc_a-readr.o)
 .ARM.attributes
                0x00000644       0x2c C:/Program Files (x86)/Arm GNU Toolchain arm-none-eabi/13.2 Rel1/bin/../lib/gcc/arm-none-eabi/13.2.1/thumb/v6-m/nofp\libc_nano.a(libc_a-writer.o)
 .ARM.attributes
                0x00000670       0x2c C:/Program Files (x86)/Arm GNU Toolchain arm-none-eabi/13.2 Rel1/bin/../lib/gcc/arm-none-eabi/13.2.1/thumb/v6-m/nofp\libc_nano.a(libc_a-init.o)
 .ARM.attributes
                0x0000069c       0x2c C:/Program Files (x86)/Arm GNU Toolchain arm-none-eabi/13.2 Rel1/bin/../lib/gcc/arm-none-eabi/13.2.1/thumb/v6-m/nofp\libc_nano.a(libc_a-lock.o)
 .ARM.attributes
                0x000006c8       0x2c C:/Program Files (x86)/Arm GNU Toolchain arm-none-eabi/13.2 Rel1/bin/../lib/gcc/arm-none-eabi/13.2.1/thumb/v6-m/nofp\libc_nano.a(libc_a-memcpy-stub.o)
 .ARM.attributes
                0x000006f4       0x2c C:/Program Files (x86)/Arm GNU Toolchain arm-none-eabi/13.2 Rel1/bin/../lib/gcc/arm-none-eabi/13.2.1/thumb/v6-m/nofp\libc_nano.a(libc_a-freer.o)
 .ARM.attributes
                0x00000720       0x2c C:/Program Files (x86)/Arm GNU Toolchain arm-none-eabi/13.2 Rel1/bin/../lib/gcc/arm-none-eabi/13.2.1/thumb/v6-m/nofp\libc_nano.a(libc_a-mallocr.o)
 .ARM.attributes
                0x0000074c       0x2c C:/Program Files (x86)/Arm GNU Toolchain arm-none-eabi/13.2 Rel1/bin/../lib/gcc/arm-none-eabi/13.2.1/thumb/v6-m/nofp\libc_nano.a(libc_a-mlock.o)
 .ARM.attributes
                0x00000778       0x2c C:/Program Files (x86)/Arm GNU Toolchain arm-none-eabi/13.2 Rel1/bin/../lib/gcc/arm-none-eabi/13.2.1/thumb/v6-m/nofp\libc_nano.a(libc_a-fflush.o)
 .ARM.attributes
                0x000007a4       0x2c C:/Program Files (x86)/Arm GNU Toolchain arm-none-eabi/13.2 Rel1/bin/../lib/gcc/arm-none-eabi/13.2.1/thumb/v6-m/nofp\libc_nano.a(libc_a-makebuf.o)
 .ARM.attributes
                0x000007d0       0x2c C:/Program Files (x86)/Arm GNU Toolchain arm-none-eabi/13.2 Rel1/bin/../lib/gcc/arm-none-eabi/13.2.1/thumb/v6-m/nofp\libc_nano.a(libc_a-fstatr.o)
 .ARM.attributes
                0x000007fc       0x2c C:/Program Files (x86)/Arm GNU Toolchain arm-none-eabi/13.2 Rel1/bin/../lib/gcc/arm-none-eabi/13.2.1/thumb/v6-m/nofp\libc_nano.a(libc_a-isattyr.o)
 .ARM.attributes
                0x00000828       0x2c C:/Program Files (x86)/Arm GNU Toolchain arm-none-eabi/13.2 Rel1/bin/../lib/gcc/arm-none-eabi/13.2.1/thumb/v6-m/nofp\libc_nano.a(libc_a-sbrkr.o)
 .ARM.attributes
                0x00000854       0x2c C:/Program Files (x86)/Arm GNU Toolchain arm-none-eabi/13.2 Rel1/bin/../lib/gcc/arm-none-eabi/13.2.1/thumb/v6-m/nofp\libnosys.a(close.o)
 .ARM.attributes
                0x00000880       0x2c C:/Program Files (x86)/Arm GNU Toolchain arm-none-eabi/13.2 Rel1/bin/../lib/gcc/arm-none-eabi/13.2.1/thumb/v6-m/nofp\libnosys.a(fstat.o)
 .ARM.attributes
                0x000008ac       0x2c C:/Program Files (x86)/Arm GNU Toolchain arm-none-eabi/13.2 Rel1/bin/../lib/gcc/arm-none-eabi/13.2.1/thumb/v6-m/nofp\libnosys.a(isatty.o)
 .ARM.attributes
                0x000008d8       0x2c C:/Program Files (x86)/Arm GNU Toolchain arm-none-eabi/13.2 Rel1/bin/../lib/gcc/arm-none-eabi/13.2.1/thumb/v6-m/nofp\libnosys.a(lseek.o)
 .ARM.attributes
                0x00000904       0x2c C:/Program Files (x86)/Arm GNU Toolchain arm-none-eabi/13.2 Rel1/bin/../lib/gcc/arm-none-eabi/13.2.1/thumb/v6-m/nofp\libnosys.a(read.o)
 .ARM.attributes
                0x00000930       0x2c C:/Program Files (x86)/Arm GNU Toolchain arm-none-eabi/13.2 Rel1/bin/../lib/gcc/arm-none-eabi/13.2.1/thumb/v6-m/nofp\libnosys.a(sbrk.o)
 .ARM.attributes
                0x0000095c       0x1e C:/Program Files (x86)/Arm GNU Toolchain arm-none-eabi/13.2 Rel1/bin/../lib/gcc/arm-none-eabi/13.2.1/thumb/v6-m/nofp\libgcc.a(_udivsi3.o)
 .ARM.attributes
                0x0000097a       0x1e C:/Program Files (x86)/Arm GNU Toolchain arm-none-eabi/13.2 Rel1/bin/../lib/gcc/arm-none-eabi/13.2.1/thumb/v6-m/nofp\libgcc.a(_dvmd_tls.o)
 .ARM.attributes
                0x00000998       0x2c C:/Program Files (x86)/Arm GNU Toolchain arm-none-eabi/13.2 Rel1/bin/../lib/gcc/arm-none-eabi/13.2.1/thumb/v6-m/nofp/crtend.o
 .ARM.attributes
                0x000009c4       0x1e C:/Program Files (x86)/Arm GNU Toolchain arm-none-eabi/13.2 Rel1/bin/../lib/gcc/arm-none-eabi/13.2.1/thumb/v6-m/nofp/crtn.o
OUTPUT(build/Nucleo-C031C6-FreeRTOS.elf elf32-littlearm)
LOAD linker stubs
LOAD C:/Program Files (x86)/Arm GNU Toolchain arm-none-eabi/13.2 Rel1/bin/../lib/gcc/arm-none-eabi/13.2.1/thumb/v6-m/nofp\libc.a
LOAD C:/Program Files (x86)/Arm GNU Toolchain arm-none-eabi/13.2 Rel1/bin/../lib/gcc/arm-none-eabi/13.2.1/thumb/v6-m/nofp\libm.a
LOAD C:/Program Files (x86)/Arm GNU Toolchain arm-none-eabi/13.2 Rel1/bin/../lib/gcc/arm-none-eabi/13.2.1/thumb/v6-m/nofp\libgcc.a

.debug_info     0x00000000    0x2180d
 .debug_info    0x00000000     0x1434 build/main.o
 .debug_info    0x00001434      0x654 build/app_freertos.o
 .debug_info    0x00001a88      0x931 build/stm32c0xx_it.o
 .debug_info    0x000023b9      0x36d build/stm32c0xx_hal_msp.o
 .debug_info    0x00002726      0xce0 build/stm32c0xx_hal_timebase_tim.o
 .debug_info    0x00003406     0x43f2 build/stm32c0xx_hal_tim.o
 .debug_info    0x000077f8     0x21b5 build/stm32c0xx_hal_tim_ex.o
 .debug_info    0x000099ad      0xa50 build/stm32c0xx_hal.o
 .debug_info    0x0000a3fd      0xac3 build/stm32c0xx_hal_cortex.o
 .debug_info    0x0000aec0      0xc20 build/stm32c0xx_hal_rcc.o
 .debug_info    0x0000bae0      0x6b6 build/stm32c0xx_hal_gpio.o
 .debug_info    0x0000c196      0x7a0 build/stm32c0xx_hal_exti.o
 .debug_info    0x0000c936     0x65ba build/stm32c0xx_hal_uart.o
 .debug_info    0x00012ef0      0x3c9 build/system_stm32c0xx.o
 .debug_info    0x000132b9      0x30f build/list.o
 .debug_info    0x000135c8     0x249a build/queue.o
 .debug_info    0x00015a62     0x341c build/tasks.o
 .debug_info    0x00018e7e     0x1aeb build/timers.o
 .debug_info    0x0001a969     0x49af build/cmsis_os2.o
 .debug_info    0x0001f318      0x35a build/port.o
 .debug_info    0x0001f672      0x644 build/heap_4.o
 .debug_info    0x0001fcb6     0x1b27 build/stm32c0xx_nucleo.o
 .debug_info    0x000217dd       0x30 build/startup_stm32c031xx.o

.debug_abbrev   0x00000000     0x3ac0
 .debug_abbrev  0x00000000      0x2f5 build/main.o
 .debug_abbrev  0x000002f5      0x1e4 build/app_freertos.o
 .debug_abbrev  0x000004d9      0x1a1 build/stm32c0xx_it.o
 .debug_abbrev  0x0000067a      0x122 build/stm32c0xx_hal_msp.o
 .debug_abbrev  0x0000079c      0x250 build/stm32c0xx_hal_timebase_tim.o
 .debug_abbrev  0x000009ec      0x2ce build/stm32c0xx_hal_tim.o
 .debug_abbrev  0x00000cba      0x2c3 build/stm32c0xx_hal_tim_ex.o
 .debug_abbrev  0x00000f7d      0x341 build/stm32c0xx_hal.o
 .debug_abbrev  0x000012be      0x31d build/stm32c0xx_hal_cortex.o
 .debug_abbrev  0x000015db      0x2f4 build/stm32c0xx_hal_rcc.o
 .debug_abbrev  0x000018cf      0x23a build/stm32c0xx_hal_gpio.o
 .debug_abbrev  0x00001b09      0x1b4 build/stm32c0xx_hal_exti.o
 .debug_abbrev  0x00001cbd      0x38a build/stm32c0xx_hal_uart.o
 .debug_abbrev  0x00002047      0x11b build/system_stm32c0xx.o
 .debug_abbrev  0x00002162      0x124 build/list.o
 .debug_abbrev  0x00002286      0x37d build/queue.o
 .debug_abbrev  0x00002603      0x38d build/tasks.o
 .debug_abbrev  0x00002990      0x399 build/timers.o
 .debug_abbrev  0x00002d29      0x58b build/cmsis_os2.o
 .debug_abbrev  0x000032b4      0x200 build/port.o
 .debug_abbrev  0x000034b4      0x27c build/heap_4.o
 .debug_abbrev  0x00003730      0x373 build/stm32c0xx_nucleo.o
 .debug_abbrev  0x00003aa3       0x1d build/startup_stm32c031xx.o

.debug_loc      0x00000000    0x1e826
 .debug_loc     0x00000000       0xf3 build/main.o
 .debug_loc     0x000000f3       0xb6 build/app_freertos.o
 .debug_loc     0x000001a9       0x40 build/stm32c0xx_it.o
 .debug_loc     0x000001e9       0x2c build/stm32c0xx_hal_msp.o
 .debug_loc     0x00000215       0xbb build/stm32c0xx_hal_timebase_tim.o
 .debug_loc     0x000002d0     0x69e8 build/stm32c0xx_hal_tim.o
 .debug_loc     0x00006cb8     0x3097 build/stm32c0xx_hal_tim_ex.o
 .debug_loc     0x00009d4f      0x326 build/stm32c0xx_hal.o
 .debug_loc     0x0000a075      0x3ff build/stm32c0xx_hal_cortex.o
 .debug_loc     0x0000a474      0x7bb build/stm32c0xx_hal_rcc.o
 .debug_loc     0x0000ac2f      0x544 build/stm32c0xx_hal_gpio.o
 .debug_loc     0x0000b173      0xd69 build/stm32c0xx_hal_exti.o
 .debug_loc     0x0000bedc     0x5038 build/stm32c0xx_hal_uart.o
 .debug_loc     0x00010f14       0x2e build/system_stm32c0xx.o
 .debug_loc     0x00010f42       0xd3 build/list.o
 .debug_loc     0x00011015     0x2ca3 build/queue.o
 .debug_loc     0x00013cb8     0x36f2 build/tasks.o
 .debug_loc     0x000173aa     0x174f build/timers.o
 .debug_loc     0x00018af9     0x4c7b build/cmsis_os2.o
 .debug_loc     0x0001d774      0x178 build/port.o
 .debug_loc     0x0001d8ec      0x584 build/heap_4.o
 .debug_loc     0x0001de70      0x9b6 build/stm32c0xx_nucleo.o

.debug_aranges  0x00000000     0x1538
 .debug_aranges
                0x00000000       0x40 build/main.o
 .debug_aranges
                0x00000040       0x40 build/app_freertos.o
 .debug_aranges
                0x00000080       0x38 build/stm32c0xx_it.o
 .debug_aranges
                0x000000b8       0x20 build/stm32c0xx_hal_msp.o
 .debug_aranges
                0x000000d8       0x30 build/stm32c0xx_hal_timebase_tim.o
 .debug_aranges
                0x00000108      0x3e0 build/stm32c0xx_hal_tim.o
 .debug_aranges
                0x000004e8      0x198 build/stm32c0xx_hal_tim_ex.o
 .debug_aranges
                0x00000680      0x100 build/stm32c0xx_hal.o
 .debug_aranges
                0x00000780       0xb0 build/stm32c0xx_hal_cortex.o
 .debug_aranges
                0x00000830       0x90 build/stm32c0xx_hal_rcc.o
 .debug_aranges
                0x000008c0       0x68 build/stm32c0xx_hal_gpio.o
 .debug_aranges
                0x00000928       0x60 build/stm32c0xx_hal_exti.o
 .debug_aranges
                0x00000988      0x248 build/stm32c0xx_hal_uart.o
 .debug_aranges
                0x00000bd0       0x28 build/system_stm32c0xx.o
 .debug_aranges
                0x00000bf8       0x40 build/list.o
 .debug_aranges
                0x00000c38      0x158 build/queue.o
 .debug_aranges
                0x00000d90      0x220 build/tasks.o
 .debug_aranges
                0x00000fb0      0x100 build/timers.o
 .debug_aranges
                0x000010b0      0x2a8 build/cmsis_os2.o
 .debug_aranges
                0x00001358       0x88 build/port.o
 .debug_aranges
                0x000013e0       0x60 build/heap_4.o
 .debug_aranges
                0x00001440       0xd0 build/stm32c0xx_nucleo.o
 .debug_aranges
                0x00001510       0x28 build/startup_stm32c031xx.o

.debug_ranges   0x00000000     0x18c8
 .debug_ranges  0x00000000       0x30 build/main.o
 .debug_ranges  0x00000030       0x30 build/app_freertos.o
 .debug_ranges  0x00000060       0x28 build/stm32c0xx_it.o
 .debug_ranges  0x00000088       0x10 build/stm32c0xx_hal_msp.o
 .debug_ranges  0x00000098       0x20 build/stm32c0xx_hal_timebase_tim.o
 .debug_ranges  0x000000b8      0x3d0 build/stm32c0xx_hal_tim.o
 .debug_ranges  0x00000488      0x188 build/stm32c0xx_hal_tim_ex.o
 .debug_ranges  0x00000610       0xf0 build/stm32c0xx_hal.o
 .debug_ranges  0x00000700       0xb8 build/stm32c0xx_hal_cortex.o
 .debug_ranges  0x000007b8       0xb8 build/stm32c0xx_hal_rcc.o
 .debug_ranges  0x00000870       0x58 build/stm32c0xx_hal_gpio.o
 .debug_ranges  0x000008c8       0x50 build/stm32c0xx_hal_exti.o
 .debug_ranges  0x00000918      0x358 build/stm32c0xx_hal_uart.o
 .debug_ranges  0x00000c70       0x18 build/system_stm32c0xx.o
 .debug_ranges  0x00000c88       0x30 build/list.o
 .debug_ranges  0x00000cb8      0x270 build/queue.o
 .debug_ranges  0x00000f28      0x470 build/tasks.o
 .debug_ranges  0x00001398       0xf0 build/timers.o
 .debug_ranges  0x00001488      0x298 build/cmsis_os2.o
 .debug_ranges  0x00001720       0x78 build/port.o
 .debug_ranges  0x00001798       0x50 build/heap_4.o
 .debug_ranges  0x000017e8       0xc0 build/stm32c0xx_nucleo.o
 .debug_ranges  0x000018a8       0x20 build/startup_stm32c031xx.o

.debug_line     0x00000000    0x1812a
 .debug_line    0x00000000      0x4d8 build/main.o
 .debug_line    0x000004d8      0x2c2 build/app_freertos.o
 .debug_line    0x0000079a      0x265 build/stm32c0xx_it.o
 .debug_line    0x000009ff      0x1b3 build/stm32c0xx_hal_msp.o
 .debug_line    0x00000bb2      0x2a3 build/stm32c0xx_hal_timebase_tim.o
 .debug_line    0x00000e55     0x4b7b build/stm32c0xx_hal_tim.o
 .debug_line    0x000059d0     0x1e3c build/stm32c0xx_hal_tim_ex.o
 .debug_line    0x0000780c      0x637 build/stm32c0xx_hal.o
 .debug_line    0x00007e43      0x69e build/stm32c0xx_hal_cortex.o
 .debug_line    0x000084e1      0xb21 build/stm32c0xx_hal_rcc.o
 .debug_line    0x00009002      0x726 build/stm32c0xx_hal_gpio.o
 .debug_line    0x00009728      0x80d build/stm32c0xx_hal_exti.o
 .debug_line    0x00009f35     0x4cea build/stm32c0xx_hal_uart.o
 .debug_line    0x0000ec1f      0x222 build/system_stm32c0xx.o
 .debug_line    0x0000ee41      0x380 build/list.o
 .debug_line    0x0000f1c1     0x1a4b build/queue.o
 .debug_line    0x00010c0c     0x2bba build/tasks.o
 .debug_line    0x000137c6      0xca3 build/timers.o
 .debug_line    0x00014469     0x2911 build/cmsis_os2.o
 .debug_line    0x00016d7a      0x41b build/port.o
 .debug_line    0x00017195      0x78f build/heap_4.o
 .debug_line    0x00017924      0x790 build/stm32c0xx_nucleo.o
 .debug_line    0x000180b4       0x76 build/startup_stm32c031xx.o

.debug_str      0x00000000     0x7401
 .debug_str     0x00000000     0x7401 build/main.o
                                0xf41 (size before relaxing)
 .debug_str     0x00007401      0x7e4 build/app_freertos.o
 .debug_str     0x00007401      0x868 build/stm32c0xx_it.o
 .debug_str     0x00007401      0x3e3 build/stm32c0xx_hal_msp.o
 .debug_str     0x00007401      0xb39 build/stm32c0xx_hal_timebase_tim.o
 .debug_str     0x00007401     0x1805 build/stm32c0xx_hal_tim.o
 .debug_str     0x00007401     0x1191 build/stm32c0xx_hal_tim_ex.o
 .debug_str     0x00007401      0x811 build/stm32c0xx_hal.o
 .debug_str     0x00007401      0x6dd build/stm32c0xx_hal_cortex.o
 .debug_str     0x00007401      0x6e6 build/stm32c0xx_hal_rcc.o
 .debug_str     0x00007401      0x427 build/stm32c0xx_hal_gpio.o
 .debug_str     0x00007401      0x448 build/stm32c0xx_hal_exti.o
 .debug_str     0x00007401     0x1127 build/stm32c0xx_hal_uart.o
 .debug_str     0x00007401      0x2e0 build/system_stm32c0xx.o
 .debug_str     0x00007401      0x304 build/list.o
 .debug_str     0x00007401      0xd0e build/queue.o
 .debug_str     0x00007401     0x1439 build/tasks.o
 .debug_str     0x00007401      0xc5b build/timers.o
 .debug_str     0x00007401     0x1df8 build/cmsis_os2.o
 .debug_str     0x00007401      0x3ba build/port.o
 .debug_str     0x00007401      0x533 build/heap_4.o
 .debug_str     0x00007401      0xf7e build/stm32c0xx_nucleo.o
 .debug_str     0x00007401       0x99 build/startup_stm32c031xx.o

.comment        0x00000000       0x44
 .comment       0x00000000       0x44 build/main.o
                                 0x45 (size before relaxing)
 .comment       0x00000044       0x45 build/app_freertos.o
 .comment       0x00000044       0x45 build/stm32c0xx_it.o
 .comment       0x00000044       0x45 build/stm32c0xx_hal_msp.o
 .comment       0x00000044       0x45 build/stm32c0xx_hal_timebase_tim.o
 .comment       0x00000044       0x45 build/stm32c0xx_hal_tim.o
 .comment       0x00000044       0x45 build/stm32c0xx_hal_tim_ex.o
 .comment       0x00000044       0x45 build/stm32c0xx_hal.o
 .comment       0x00000044       0x45 build/stm32c0xx_hal_cortex.o
 .comment       0x00000044       0x45 build/stm32c0xx_hal_rcc.o
 .comment       0x00000044       0x45 build/stm32c0xx_hal_gpio.o
 .comment       0x00000044       0x45 build/stm32c0xx_hal_exti.o
 .comment       0x00000044       0x45 build/stm32c0xx_hal_uart.o
 .comment       0x00000044       0x45 build/system_stm32c0xx.o
 .comment       0x00000044       0x45 build/list.o
 .comment       0x00000044       0x45 build/queue.o
 .comment       0x00000044       0x45 build/tasks.o
 .comment       0x00000044       0x45 build/timers.o
 .comment       0x00000044       0x45 build/cmsis_os2.o
 .comment       0x00000044       0x45 build/port.o
 .comment       0x00000044       0x45 build/heap_4.o
 .comment       0x00000044       0x45 build/stm32c0xx_nucleo.o

.debug_frame    0x00000000     0x4128
 .debug_frame   0x00000000       0x90 build/main.o
 .debug_frame   0x00000090       0x78 build/app_freertos.o
 .debug_frame   0x00000108       0x60 build/stm32c0xx_it.o
 .debug_frame   0x00000168       0x28 build/stm32c0xx_hal_msp.o
 .debug_frame   0x00000190       0x48 build/stm32c0xx_hal_timebase_tim.o
 .debug_frame   0x000001d8      0xb20 build/stm32c0xx_hal_tim.o
 .debug_frame   0x00000cf8      0x4c0 build/stm32c0xx_hal_tim_ex.o
 .debug_frame   0x000011b8      0x20c build/stm32c0xx_hal.o
 .debug_frame   0x000013c4      0x174 build/stm32c0xx_hal_cortex.o
 .debug_frame   0x00001538      0x160 build/stm32c0xx_hal_rcc.o
 .debug_frame   0x00001698       0xe8 build/stm32c0xx_hal_gpio.o
 .debug_frame   0x00001780       0xf0 build/stm32c0xx_hal_exti.o
 .debug_frame   0x00001870      0x6e0 build/stm32c0xx_hal_uart.o
 .debug_frame   0x00001f50       0x30 build/system_stm32c0xx.o
 .debug_frame   0x00001f80       0x6c build/list.o
 .debug_frame   0x00001fec      0x40c build/queue.o
 .debug_frame   0x000023f8      0x67c build/tasks.o
 .debug_frame   0x00002a74      0x2d8 build/timers.o
 .debug_frame   0x00002d4c      0x830 build/cmsis_os2.o
 .debug_frame   0x0000357c      0x114 build/port.o
 .debug_frame   0x00003690       0xdc build/heap_4.o
 .debug_frame   0x0000376c      0x230 build/stm32c0xx_nucleo.o
 .debug_frame   0x0000399c      0x138 C:/Program Files (x86)/Arm GNU Toolchain arm-none-eabi/13.2 Rel1/bin/../lib/gcc/arm-none-eabi/13.2.1/thumb/v6-m/nofp\libc_nano.a(libc_a-findfp.o)
 .debug_frame   0x00003ad4       0x34 C:/Program Files (x86)/Arm GNU Toolchain arm-none-eabi/13.2 Rel1/bin/../lib/gcc/arm-none-eabi/13.2.1/thumb/v6-m/nofp\libc_nano.a(libc_a-fwalk.o)
 .debug_frame   0x00003b08       0x44 C:/Program Files (x86)/Arm GNU Toolchain arm-none-eabi/13.2 Rel1/bin/../lib/gcc/arm-none-eabi/13.2.1/thumb/v6-m/nofp\libc_nano.a(libc_a-puts.o)
 .debug_frame   0x00003b4c       0x90 C:/Program Files (x86)/Arm GNU Toolchain arm-none-eabi/13.2 Rel1/bin/../lib/gcc/arm-none-eabi/13.2.1/thumb/v6-m/nofp\libc_nano.a(libc_a-stdio.o)
 .debug_frame   0x00003bdc       0x48 C:/Program Files (x86)/Arm GNU Toolchain arm-none-eabi/13.2 Rel1/bin/../lib/gcc/arm-none-eabi/13.2.1/thumb/v6-m/nofp\libc_nano.a(libc_a-wbuf.o)
 .debug_frame   0x00003c24       0x2c C:/Program Files (x86)/Arm GNU Toolchain arm-none-eabi/13.2 Rel1/bin/../lib/gcc/arm-none-eabi/13.2.1/thumb/v6-m/nofp\libc_nano.a(libc_a-wsetup.o)
 .debug_frame   0x00003c50       0x20 C:/Program Files (x86)/Arm GNU Toolchain arm-none-eabi/13.2 Rel1/bin/../lib/gcc/arm-none-eabi/13.2.1/thumb/v6-m/nofp\libc_nano.a(libc_a-memset.o)
 .debug_frame   0x00003c70       0x2c C:/Program Files (x86)/Arm GNU Toolchain arm-none-eabi/13.2 Rel1/bin/../lib/gcc/arm-none-eabi/13.2.1/thumb/v6-m/nofp\libc_nano.a(libc_a-closer.o)
 .debug_frame   0x00003c9c       0x2c C:/Program Files (x86)/Arm GNU Toolchain arm-none-eabi/13.2 Rel1/bin/../lib/gcc/arm-none-eabi/13.2.1/thumb/v6-m/nofp\libc_nano.a(libc_a-reent.o)
 .debug_frame   0x00003cc8       0x2c C:/Program Files (x86)/Arm GNU Toolchain arm-none-eabi/13.2 Rel1/bin/../lib/gcc/arm-none-eabi/13.2.1/thumb/v6-m/nofp\libc_nano.a(libc_a-lseekr.o)
 .debug_frame   0x00003cf4       0x2c C:/Program Files (x86)/Arm GNU Toolchain arm-none-eabi/13.2 Rel1/bin/../lib/gcc/arm-none-eabi/13.2.1/thumb/v6-m/nofp\libc_nano.a(libc_a-readr.o)
 .debug_frame   0x00003d20       0x2c C:/Program Files (x86)/Arm GNU Toolchain arm-none-eabi/13.2 Rel1/bin/../lib/gcc/arm-none-eabi/13.2.1/thumb/v6-m/nofp\libc_nano.a(libc_a-writer.o)
 .debug_frame   0x00003d4c       0x2c C:/Program Files (x86)/Arm GNU Toolchain arm-none-eabi/13.2 Rel1/bin/../lib/gcc/arm-none-eabi/13.2.1/thumb/v6-m/nofp\libc_nano.a(libc_a-init.o)
 .debug_frame   0x00003d78       0xb0 C:/Program Files (x86)/Arm GNU Toolchain arm-none-eabi/13.2 Rel1/bin/../lib/gcc/arm-none-eabi/13.2.1/thumb/v6-m/nofp\libc_nano.a(libc_a-lock.o)
 .debug_frame   0x00003e28       0x28 C:/Program Files (x86)/Arm GNU Toolchain arm-none-eabi/13.2 Rel1/bin/../lib/gcc/arm-none-eabi/13.2.1/thumb/v6-m/nofp\libc_nano.a(libc_a-memcpy-stub.o)
 .debug_frame   0x00003e50       0x2c C:/Program Files (x86)/Arm GNU Toolchain arm-none-eabi/13.2 Rel1/bin/../lib/gcc/arm-none-eabi/13.2.1/thumb/v6-m/nofp\libc_nano.a(libc_a-freer.o)
 .debug_frame   0x00003e7c       0x50 C:/Program Files (x86)/Arm GNU Toolchain arm-none-eabi/13.2 Rel1/bin/../lib/gcc/arm-none-eabi/13.2.1/thumb/v6-m/nofp\libc_nano.a(libc_a-mallocr.o)
 .debug_frame   0x00003ecc       0x40 C:/Program Files (x86)/Arm GNU Toolchain arm-none-eabi/13.2 Rel1/bin/../lib/gcc/arm-none-eabi/13.2.1/thumb/v6-m/nofp\libc_nano.a(libc_a-mlock.o)
 .debug_frame   0x00003f0c       0x68 C:/Program Files (x86)/Arm GNU Toolchain arm-none-eabi/13.2 Rel1/bin/../lib/gcc/arm-none-eabi/13.2.1/thumb/v6-m/nofp\libc_nano.a(libc_a-fflush.o)
 .debug_frame   0x00003f74       0x50 C:/Program Files (x86)/Arm GNU Toolchain arm-none-eabi/13.2 Rel1/bin/../lib/gcc/arm-none-eabi/13.2.1/thumb/v6-m/nofp\libc_nano.a(libc_a-makebuf.o)
 .debug_frame   0x00003fc4       0x2c C:/Program Files (x86)/Arm GNU Toolchain arm-none-eabi/13.2 Rel1/bin/../lib/gcc/arm-none-eabi/13.2.1/thumb/v6-m/nofp\libc_nano.a(libc_a-fstatr.o)
 .debug_frame   0x00003ff0       0x2c C:/Program Files (x86)/Arm GNU Toolchain arm-none-eabi/13.2 Rel1/bin/../lib/gcc/arm-none-eabi/13.2.1/thumb/v6-m/nofp\libc_nano.a(libc_a-isattyr.o)
 .debug_frame   0x0000401c       0x2c C:/Program Files (x86)/Arm GNU Toolchain arm-none-eabi/13.2 Rel1/bin/../lib/gcc/arm-none-eabi/13.2.1/thumb/v6-m/nofp\libc_nano.a(libc_a-sbrkr.o)
 .debug_frame   0x00004048       0x20 C:/Program Files (x86)/Arm GNU Toolchain arm-none-eabi/13.2 Rel1/bin/../lib/gcc/arm-none-eabi/13.2.1/thumb/v6-m/nofp\libnosys.a(close.o)
 .debug_frame   0x00004068       0x20 C:/Program Files (x86)/Arm GNU Toolchain arm-none-eabi/13.2 Rel1/bin/../lib/gcc/arm-none-eabi/13.2.1/thumb/v6-m/nofp\libnosys.a(fstat.o)
 .debug_frame   0x00004088       0x20 C:/Program Files (x86)/Arm GNU Toolchain arm-none-eabi/13.2 Rel1/bin/../lib/gcc/arm-none-eabi/13.2.1/thumb/v6-m/nofp\libnosys.a(isatty.o)
 .debug_frame   0x000040a8       0x20 C:/Program Files (x86)/Arm GNU Toolchain arm-none-eabi/13.2 Rel1/bin/../lib/gcc/arm-none-eabi/13.2.1/thumb/v6-m/nofp\libnosys.a(lseek.o)
 .debug_frame   0x000040c8       0x20 C:/Program Files (x86)/Arm GNU Toolchain arm-none-eabi/13.2 Rel1/bin/../lib/gcc/arm-none-eabi/13.2.1/thumb/v6-m/nofp\libnosys.a(read.o)
 .debug_frame   0x000040e8       0x20 C:/Program Files (x86)/Arm GNU Toolchain arm-none-eabi/13.2 Rel1/bin/../lib/gcc/arm-none-eabi/13.2.1/thumb/v6-m/nofp\libnosys.a(sbrk.o)
 .debug_frame   0x00004108       0x20 C:/Program Files (x86)/Arm GNU Toolchain arm-none-eabi/13.2 Rel1/bin/../lib/gcc/arm-none-eabi/13.2.1/thumb/v6-m/nofp\libgcc.a(_udivsi3.o)

.debug_line_str
                0x00000000       0xc9
 .debug_line_str
                0x00000000       0xc9 C:/Program Files (x86)/Arm GNU Toolchain arm-none-eabi/13.2 Rel1/bin/../lib/gcc/arm-none-eabi/13.2.1/thumb/v6-m/nofp\libgcc.a(_udivsi3.o)
 .debug_line_str
                0x000000c9       0xc9 C:/Program Files (x86)/Arm GNU Toolchain arm-none-eabi/13.2 Rel1/bin/../lib/gcc/arm-none-eabi/13.2.1/thumb/v6-m/nofp\libgcc.a(_dvmd_tls.o)

Cross Reference Table

Symbol                                            File
ADC1_IRQHandler                                   build/startup_stm32c031xx.o
AHBPrescTable                                     build/system_stm32c0xx.o
                                                  build/stm32c0xx_hal_rcc.o
APBPrescTable                                     build/system_stm32c0xx.o
                                                  build/stm32c0xx_hal_rcc.o
BSP_COM_DeInit                                    build/stm32c0xx_nucleo.o
BSP_COM_Init                                      build/stm32c0xx_nucleo.o
                                                  build/main.o
BSP_COM_SelectLogPort                             build/stm32c0xx_nucleo.o
BSP_GetBoardID                                    build/stm32c0xx_nucleo.o
BSP_GetBoardName                                  build/stm32c0xx_nucleo.o
BSP_GetVersion                                    build/stm32c0xx_nucleo.o
BSP_LED_DeInit                                    build/stm32c0xx_nucleo.o
BSP_LED_GetState                                  build/stm32c0xx_nucleo.o
BSP_LED_Init                                      build/stm32c0xx_nucleo.o
                                                  build/main.o
BSP_LED_Off                                       build/stm32c0xx_nucleo.o
BSP_LED_On                                        build/stm32c0xx_nucleo.o
BSP_LED_Toggle                                    build/stm32c0xx_nucleo.o
BSP_PB_Callback                                   build/stm32c0xx_nucleo.o
BSP_PB_DeInit                                     build/stm32c0xx_nucleo.o
BSP_PB_GetState                                   build/stm32c0xx_nucleo.o
BSP_PB_IRQHandler                                 build/stm32c0xx_nucleo.o
BSP_PB_Init                                       build/stm32c0xx_nucleo.o
                                                  build/main.o
BspCOMInit                                        build/main.o
COM_USART                                         build/stm32c0xx_nucleo.o
DMA1_Channel1_IRQHandler                          build/startup_stm32c031xx.o
DMA1_Channel2_3_IRQHandler                        build/startup_stm32c031xx.o
DMAMUX1_IRQHandler                                build/startup_stm32c031xx.o
Default_Handler                                   build/startup_stm32c031xx.o
EXTI0_1_IRQHandler                                build/startup_stm32c031xx.o
EXTI2_3_IRQHandler                                build/startup_stm32c031xx.o
EXTI4_15_IRQHandler                               build/stm32c0xx_it.o
Error_Handler                                     build/main.o
FLASH_FlushCaches                                 build/stm32c0xx_hal_flash_ex.o
FLASH_IRQHandler                                  build/startup_stm32c031xx.o
FLASH_PageErase                                   build/stm32c0xx_hal_flash_ex.o
                                                  build/stm32c0xx_hal_flash.o
FLASH_WaitForLastOperation                        build/stm32c0xx_hal_flash.o
                                                  build/stm32c0xx_hal_flash_ex.o
HAL_DBGMCU_DisableDBGStandbyMode                  build/stm32c0xx_hal.o
HAL_DBGMCU_DisableDBGStopMode                     build/stm32c0xx_hal.o
HAL_DBGMCU_EnableDBGStandbyMode                   build/stm32c0xx_hal.o
HAL_DBGMCU_EnableDBGStopMode                      build/stm32c0xx_hal.o
HAL_DMAEx_ConfigMuxRequestGenerator               build/stm32c0xx_hal_dma_ex.o
HAL_DMAEx_ConfigMuxSync                           build/stm32c0xx_hal_dma_ex.o
HAL_DMAEx_DisableMuxRequestGenerator              build/stm32c0xx_hal_dma_ex.o
HAL_DMAEx_EnableMuxRequestGenerator               build/stm32c0xx_hal_dma_ex.o
HAL_DMAEx_MUX_IRQHandler                          build/stm32c0xx_hal_dma_ex.o
HAL_DMA_Abort                                     build/stm32c0xx_hal_dma.o
                                                  build/stm32c0xx_hal_uart.o
                                                  build/stm32c0xx_hal_usart.o
HAL_DMA_Abort_IT                                  build/stm32c0xx_hal_dma.o
                                                  build/stm32c0xx_hal_uart.o
                                                  build/stm32c0xx_hal_usart.o
                                                  build/stm32c0xx_hal_tim_ex.o
                                                  build/stm32c0xx_hal_tim.o
HAL_DMA_DeInit                                    build/stm32c0xx_hal_dma.o
HAL_DMA_GetError                                  build/stm32c0xx_hal_dma.o
                                                  build/stm32c0xx_hal_uart.o
                                                  build/stm32c0xx_hal_usart.o
HAL_DMA_GetState                                  build/stm32c0xx_hal_dma.o
HAL_DMA_IRQHandler                                build/stm32c0xx_hal_dma.o
HAL_DMA_Init                                      build/stm32c0xx_hal_dma.o
HAL_DMA_PollForTransfer                           build/stm32c0xx_hal_dma.o
HAL_DMA_RegisterCallback                          build/stm32c0xx_hal_dma.o
HAL_DMA_Start                                     build/stm32c0xx_hal_dma.o
HAL_DMA_Start_IT                                  build/stm32c0xx_hal_dma.o
                                                  build/stm32c0xx_hal_uart.o
                                                  build/stm32c0xx_hal_usart.o
                                                  build/stm32c0xx_hal_tim_ex.o
                                                  build/stm32c0xx_hal_tim.o
HAL_DMA_UnRegisterCallback                        build/stm32c0xx_hal_dma.o
HAL_DeInit                                        build/stm32c0xx_hal.o
HAL_Delay                                         build/stm32c0xx_hal.o
HAL_EXTI_ClearConfigLine                          build/stm32c0xx_hal_exti.o
HAL_EXTI_ClearPending                             build/stm32c0xx_hal_exti.o
HAL_EXTI_GenerateSWI                              build/stm32c0xx_hal_exti.o
HAL_EXTI_GetConfigLine                            build/stm32c0xx_hal_exti.o
HAL_EXTI_GetHandle                                build/stm32c0xx_hal_exti.o
                                                  build/stm32c0xx_nucleo.o
HAL_EXTI_GetPending                               build/stm32c0xx_hal_exti.o
HAL_EXTI_IRQHandler                               build/stm32c0xx_hal_exti.o
                                                  build/stm32c0xx_nucleo.o
                                                  build/stm32c0xx_it.o
HAL_EXTI_RegisterCallback                         build/stm32c0xx_hal_exti.o
                                                  build/stm32c0xx_nucleo.o
HAL_EXTI_SetConfigLine                            build/stm32c0xx_hal_exti.o
HAL_FLASHEx_DisableDebugger                       build/stm32c0xx_hal_flash_ex.o
HAL_FLASHEx_EnableDebugger                        build/stm32c0xx_hal_flash_ex.o
HAL_FLASHEx_EnableSecMemProtection                build/stm32c0xx_hal_flash_ex.o
HAL_FLASHEx_Erase                                 build/stm32c0xx_hal_flash_ex.o
HAL_FLASHEx_Erase_IT                              build/stm32c0xx_hal_flash_ex.o
HAL_FLASHEx_FlashEmptyCheck                       build/stm32c0xx_hal_flash_ex.o
HAL_FLASHEx_ForceFlashEmpty                       build/stm32c0xx_hal_flash_ex.o
HAL_FLASHEx_OBGetConfig                           build/stm32c0xx_hal_flash_ex.o
HAL_FLASHEx_OBProgram                             build/stm32c0xx_hal_flash_ex.o
HAL_FLASH_EndOfOperationCallback                  build/stm32c0xx_hal_flash.o
HAL_FLASH_GetError                                build/stm32c0xx_hal_flash.o
HAL_FLASH_IRQHandler                              build/stm32c0xx_hal_flash.o
HAL_FLASH_Lock                                    build/stm32c0xx_hal_flash.o
HAL_FLASH_OB_Launch                               build/stm32c0xx_hal_flash.o
HAL_FLASH_OB_Lock                                 build/stm32c0xx_hal_flash.o
HAL_FLASH_OB_Unlock                               build/stm32c0xx_hal_flash.o
HAL_FLASH_OperationErrorCallback                  build/stm32c0xx_hal_flash.o
HAL_FLASH_Program                                 build/stm32c0xx_hal_flash.o
HAL_FLASH_Program_IT                              build/stm32c0xx_hal_flash.o
HAL_FLASH_Unlock                                  build/stm32c0xx_hal_flash.o
HAL_GPIO_DeInit                                   build/stm32c0xx_hal_gpio.o
                                                  build/stm32c0xx_nucleo.o
HAL_GPIO_EXTI_Falling_Callback                    build/stm32c0xx_hal_gpio.o
HAL_GPIO_EXTI_IRQHandler                          build/stm32c0xx_hal_gpio.o
HAL_GPIO_EXTI_Rising_Callback                     build/stm32c0xx_hal_gpio.o
HAL_GPIO_Init                                     build/stm32c0xx_hal_gpio.o
                                                  build/stm32c0xx_nucleo.o
                                                  build/stm32c0xx_hal_rcc_ex.o
                                                  build/stm32c0xx_hal_rcc.o
                                                  build/main.o
HAL_GPIO_LockPin                                  build/stm32c0xx_hal_gpio.o
HAL_GPIO_ReadPin                                  build/stm32c0xx_hal_gpio.o
                                                  build/stm32c0xx_nucleo.o
HAL_GPIO_TogglePin                                build/stm32c0xx_hal_gpio.o
                                                  build/stm32c0xx_nucleo.o
                                                  build/app_freertos.o
HAL_GPIO_WriteMultipleStatePin                    build/stm32c0xx_hal_gpio.o
HAL_GPIO_WritePin                                 build/stm32c0xx_hal_gpio.o
                                                  build/stm32c0xx_nucleo.o
                                                  build/main.o
HAL_GetDEVID                                      build/stm32c0xx_hal.o
HAL_GetHalVersion                                 build/stm32c0xx_hal.o
HAL_GetREVID                                      build/stm32c0xx_hal.o
HAL_GetTick                                       build/stm32c0xx_hal.o
                                                  build/stm32c0xx_hal_uart.o
                                                  build/stm32c0xx_hal_usart.o
                                                  build/stm32c0xx_hal_dma.o
                                                  build/stm32c0xx_hal_flash.o
                                                  build/stm32c0xx_hal_rcc_ex.o
                                                  build/stm32c0xx_hal_rcc.o
                                                  build/stm32c0xx_hal_tim_ex.o
                                                  build/stm32c0xx_hal_uart_ex.o
HAL_GetTickFreq                                   build/stm32c0xx_hal.o
HAL_GetTickPrio                                   build/stm32c0xx_hal.o
HAL_GetUIDw0                                      build/stm32c0xx_hal.o
HAL_GetUIDw1                                      build/stm32c0xx_hal.o
HAL_GetUIDw2                                      build/stm32c0xx_hal.o
HAL_HalfDuplex_EnableReceiver                     build/stm32c0xx_hal_uart.o
HAL_HalfDuplex_EnableTransmitter                  build/stm32c0xx_hal_uart.o
HAL_HalfDuplex_Init                               build/stm32c0xx_hal_uart.o
HAL_IncTick                                       build/stm32c0xx_hal.o
                                                  build/main.o
HAL_Init                                          build/stm32c0xx_hal.o
                                                  build/main.o
HAL_InitTick                                      build/stm32c0xx_hal_timebase_tim.o
                                                  build/stm32c0xx_hal_rcc.o
HAL_LIN_Init                                      build/stm32c0xx_hal_uart.o
HAL_LIN_SendBreak                                 build/stm32c0xx_hal_uart.o
HAL_MPU_ConfigRegion                              build/stm32c0xx_hal_cortex.o
HAL_MPU_Disable                                   build/stm32c0xx_hal_cortex.o
HAL_MPU_Enable                                    build/stm32c0xx_hal_cortex.o
HAL_MspDeInit                                     build/stm32c0xx_hal.o
HAL_MspInit                                       build/stm32c0xx_hal_msp.o
HAL_MultiProcessorEx_AddressLength_Set            build/stm32c0xx_hal_uart_ex.o
HAL_MultiProcessor_DisableMuteMode                build/stm32c0xx_hal_uart.o
HAL_MultiProcessor_EnableMuteMode                 build/stm32c0xx_hal_uart.o
HAL_MultiProcessor_EnterMuteMode                  build/stm32c0xx_hal_uart.o
HAL_MultiProcessor_Init                           build/stm32c0xx_hal_uart.o
HAL_NVIC_ClearPendingIRQ                          build/stm32c0xx_hal_cortex.o
HAL_NVIC_DisableIRQ                               build/stm32c0xx_hal_cortex.o
                                                  build/stm32c0xx_nucleo.o
HAL_NVIC_EnableIRQ                                build/stm32c0xx_hal_cortex.o
                                                  build/stm32c0xx_nucleo.o
                                                  build/stm32c0xx_hal_timebase_tim.o
                                                  build/main.o
HAL_NVIC_GetPendingIRQ                            build/stm32c0xx_hal_cortex.o
HAL_NVIC_GetPriority                              build/stm32c0xx_hal_cortex.o
HAL_NVIC_SetPendingIRQ                            build/stm32c0xx_hal_cortex.o
HAL_NVIC_SetPriority                              build/stm32c0xx_hal_cortex.o
                                                  build/stm32c0xx_nucleo.o
                                                  build/stm32c0xx_hal.o
                                                  build/stm32c0xx_hal_timebase_tim.o
                                                  build/stm32c0xx_hal_msp.o
                                                  build/main.o
HAL_NVIC_SystemReset                              build/stm32c0xx_hal_cortex.o
HAL_PWREx_BKUPRead                                build/stm32c0xx_hal_pwr_ex.o
HAL_PWREx_BKUPWrite                               build/stm32c0xx_hal_pwr_ex.o
HAL_PWREx_DisableFlashPowerDown                   build/stm32c0xx_hal_pwr_ex.o
HAL_PWREx_DisableGPIOPullDown                     build/stm32c0xx_hal_pwr_ex.o
HAL_PWREx_DisableGPIOPullUp                       build/stm32c0xx_hal_pwr_ex.o
HAL_PWREx_DisableInternalWakeUpLine               build/stm32c0xx_hal_pwr_ex.o
HAL_PWREx_DisablePullUpPullDownConfig             build/stm32c0xx_hal_pwr_ex.o
HAL_PWREx_EnableFlashPowerDown                    build/stm32c0xx_hal_pwr_ex.o
HAL_PWREx_EnableGPIOPullDown                      build/stm32c0xx_hal_pwr_ex.o
HAL_PWREx_EnableGPIOPullUp                        build/stm32c0xx_hal_pwr_ex.o
HAL_PWREx_EnableInternalWakeUpLine                build/stm32c0xx_hal_pwr_ex.o
HAL_PWREx_EnablePullUpPullDownConfig              build/stm32c0xx_hal_pwr_ex.o
HAL_PWREx_EnterSHUTDOWNMode                       build/stm32c0xx_hal_pwr_ex.o
HAL_PWR_DeInit                                    build/stm32c0xx_hal_pwr.o
HAL_PWR_DisableSEVOnPend                          build/stm32c0xx_hal_pwr.o
HAL_PWR_DisableSleepOnExit                        build/stm32c0xx_hal_pwr.o
HAL_PWR_DisableWakeUpPin                          build/stm32c0xx_hal_pwr.o
HAL_PWR_EnableSEVOnPend                           build/stm32c0xx_hal_pwr.o
HAL_PWR_EnableSleepOnExit                         build/stm32c0xx_hal_pwr.o
HAL_PWR_EnableWakeUpPin                           build/stm32c0xx_hal_pwr.o
HAL_PWR_EnterSLEEPMode                            build/stm32c0xx_hal_pwr.o
HAL_PWR_EnterSTANDBYMode                          build/stm32c0xx_hal_pwr.o